Archive member included because of file (symbol)

c:/archivos de programa/winavr/bin/../lib/gcc/avr/4.3.3/../../../../avr/lib/avr51\libm.a(acos.o)
                              src/cinematica/mov_bajo_nivel.o (acos)
c:/archivos de programa/winavr/bin/../lib/gcc/avr/4.3.3/../../../../avr/lib/avr51\libm.a(addsf3.o)
                              src/cinematica/movimiento2.o (__subsf3)
c:/archivos de programa/winavr/bin/../lib/gcc/avr/4.3.3/../../../../avr/lib/avr51\libm.a(addsf3x.o)
                              c:/archivos de programa/winavr/bin/../lib/gcc/avr/4.3.3/../../../../avr/lib/avr51\libm.a(acos.o) (__addsf3x)
c:/archivos de programa/winavr/bin/../lib/gcc/avr/4.3.3/../../../../avr/lib/avr51\libm.a(atan2.o)
                              src/cinematica/movimiento2.o (atan2)
c:/archivos de programa/winavr/bin/../lib/gcc/avr/4.3.3/../../../../avr/lib/avr51\libm.a(atan.o)
                              src/cinematica/mov_bajo_nivel.o (atan)
c:/archivos de programa/winavr/bin/../lib/gcc/avr/4.3.3/../../../../avr/lib/avr51\libm.a(cmpsf2.o)
                              src/cinematica/movimiento2.o (__eqsf2)
c:/archivos de programa/winavr/bin/../lib/gcc/avr/4.3.3/../../../../avr/lib/avr51\libm.a(cos.o)
                              src/cinematica/movimiento.o (cos)
c:/archivos de programa/winavr/bin/../lib/gcc/avr/4.3.3/../../../../avr/lib/avr51\libm.a(divsf3.o)
                              src/cinematica/movimiento.o (__divsf3)
c:/archivos de programa/winavr/bin/../lib/gcc/avr/4.3.3/../../../../avr/lib/avr51\libm.a(divsf3x.o)
                              c:/archivos de programa/winavr/bin/../lib/gcc/avr/4.3.3/../../../../avr/lib/avr51\libm.a(divsf3.o) (__divsf3x)
c:/archivos de programa/winavr/bin/../lib/gcc/avr/4.3.3/../../../../avr/lib/avr51\libm.a(exp.o)
                              src/hardware_util/util.o (exp)
c:/archivos de programa/winavr/bin/../lib/gcc/avr/4.3.3/../../../../avr/lib/avr51\libm.a(fixsfsi.o)
                              src/cinematica/movimiento.o (__fixsfsi)
c:/archivos de programa/winavr/bin/../lib/gcc/avr/4.3.3/../../../../avr/lib/avr51\libm.a(fixunssfsi.o)
                              src/cinematica/movimiento.o (__fixunssfsi)
c:/archivos de programa/winavr/bin/../lib/gcc/avr/4.3.3/../../../../avr/lib/avr51\libm.a(floatsisf.o)
                              src/cinematica/movimiento2.o (__floatunsisf)
c:/archivos de programa/winavr/bin/../lib/gcc/avr/4.3.3/../../../../avr/lib/avr51\libm.a(fp_arccos.o)
                              c:/archivos de programa/winavr/bin/../lib/gcc/avr/4.3.3/../../../../avr/lib/avr51\libm.a(acos.o) (__fp_arccos)
c:/archivos de programa/winavr/bin/../lib/gcc/avr/4.3.3/../../../../avr/lib/avr51\libm.a(fp_cmp.o)
                              c:/archivos de programa/winavr/bin/../lib/gcc/avr/4.3.3/../../../../avr/lib/avr51\libm.a(cmpsf2.o) (__fp_cmp)
c:/archivos de programa/winavr/bin/../lib/gcc/avr/4.3.3/../../../../avr/lib/avr51\libm.a(fp_inf.o)
                              c:/archivos de programa/winavr/bin/../lib/gcc/avr/4.3.3/../../../../avr/lib/avr51\libm.a(addsf3x.o) (__fp_inf)
c:/archivos de programa/winavr/bin/../lib/gcc/avr/4.3.3/../../../../avr/lib/avr51\libm.a(fp_nan.o)
                              c:/archivos de programa/winavr/bin/../lib/gcc/avr/4.3.3/../../../../avr/lib/avr51\libm.a(addsf3x.o) (__fp_nan)
c:/archivos de programa/winavr/bin/../lib/gcc/avr/4.3.3/../../../../avr/lib/avr51\libm.a(fp_powser.o)
                              c:/archivos de programa/winavr/bin/../lib/gcc/avr/4.3.3/../../../../avr/lib/avr51\libm.a(atan.o) (__fp_powser)
c:/archivos de programa/winavr/bin/../lib/gcc/avr/4.3.3/../../../../avr/lib/avr51\libm.a(fp_pscA.o)
                              c:/archivos de programa/winavr/bin/../lib/gcc/avr/4.3.3/../../../../avr/lib/avr51\libm.a(addsf3x.o) (__fp_pscA)
c:/archivos de programa/winavr/bin/../lib/gcc/avr/4.3.3/../../../../avr/lib/avr51\libm.a(fp_pscB.o)
                              c:/archivos de programa/winavr/bin/../lib/gcc/avr/4.3.3/../../../../avr/lib/avr51\libm.a(addsf3x.o) (__fp_pscB)
c:/archivos de programa/winavr/bin/../lib/gcc/avr/4.3.3/../../../../avr/lib/avr51\libm.a(fp_rempio2.o)
                              c:/archivos de programa/winavr/bin/../lib/gcc/avr/4.3.3/../../../../avr/lib/avr51\libm.a(cos.o) (__fp_rempio2)
c:/archivos de programa/winavr/bin/../lib/gcc/avr/4.3.3/../../../../avr/lib/avr51\libm.a(fp_round.o)
                              c:/archivos de programa/winavr/bin/../lib/gcc/avr/4.3.3/../../../../avr/lib/avr51\libm.a(acos.o) (__fp_round)
c:/archivos de programa/winavr/bin/../lib/gcc/avr/4.3.3/../../../../avr/lib/avr51\libm.a(fp_sinus.o)
                              c:/archivos de programa/winavr/bin/../lib/gcc/avr/4.3.3/../../../../avr/lib/avr51\libm.a(cos.o) (__fp_sinus)
c:/archivos de programa/winavr/bin/../lib/gcc/avr/4.3.3/../../../../avr/lib/avr51\libm.a(fp_split3.o)
[...]
Memory Configuration

Name             Origin             Length             Attributes
text             0x00000000         0x00020000         xr
data             0x00800060         0x0000ffa0         rw !x
eeprom           0x00810000         0x00010000         rw !x
fuse             0x00820000         0x00000400         rw !x
lock             0x00830000         0x00000400         rw !x
signature        0x00840000         0x00000400         rw !x
*default*        0x00000000         0xffffffff

Linker script and memory map

Address of section .data set to 0x800200
LOAD c:/archivos de programa/winavr/bin/../lib/gcc/avr/4.3.3/../../../../avr/lib/avr51/crtm1280.o
LOAD src/cinematica/ax12.o
LOAD src/cinematica/events.o
LOAD src/cinematica/movimiento.o
LOAD src/cinematica/movimiento2.o
LOAD src/cinematica/mov_bajo_nivel.o
LOAD src/cinematica/vectores.o
LOAD src/comm_peripherals/bluetooth.o
LOAD src/comm_peripherals/cabeza.o
LOAD src/comm_peripherals/display.o
LOAD src/comm_peripherals/remote_control.o
LOAD src/comm_peripherals/serialcomm.o
LOAD src/conducta/conducta.o
LOAD src/conducta/conducta2.o
LOAD src/hardware_util/ann.o
LOAD src/hardware_util/hardware.o
LOAD src/hardware_util/util.o
LOAD src/main.o
LOAD src/_arduino/HardwareSerial.o
LOAD src/_arduino/pins_arduino.o
LOAD src/_arduino/Print.o
LOAD src/_arduino/WInterrupts.o
LOAD src/_arduino/wiring_analog.o
LOAD src/_arduino/wiring_digital.o
LOAD src/_arduino/wiring_pulse.o
LOAD src/_arduino/wiring_shift.o
LOAD src/_arduino/WString.o
START GROUP
LOAD c:/archivos de programa/winavr/bin/../lib/gcc/avr/4.3.3/../../../../avr/lib/avr51\libm.a
END GROUP
LOAD c:/archivos de programa/winavr/bin/../lib/gcc/avr/4.3.3/avr51\libgcc.a
LOAD c:/archivos de programa/winavr/bin/../lib/gcc/avr/4.3.3/../../../../avr/lib/avr51\libm.a
LOAD c:/archivos de programa/winavr/bin/../lib/gcc/avr/4.3.3/avr51\libgcc.a
LOAD c:/archivos de programa/winavr/bin/../lib/gcc/avr/4.3.3/../../../../avr/lib/avr51\libc.a
LOAD c:/archivos de programa/winavr/bin/../lib/gcc/avr/4.3.3/avr51\libgcc.a

.hash
 *(.hash)

.dynsym
 *(.dynsym)

.dynstr
 *(.dynstr)

.gnu.version
 *(.gnu.version)

.gnu.version_d
 *(.gnu.version_d)

.gnu.version_r
 *(.gnu.version_r)

.rel.init
 *(.rel.init)

.rela.init
 *(.rela.init)

.rel.text
 *(.rel.text)
 *(.rel.text.*)
 *(.rel.gnu.linkonce.t*)

.rela.text
 *(.rela.text)
 *(.rela.text.*)
 *(.rela.gnu.linkonce.t*)

.rel.fini
 *(.rel.fini)

.rela.fini
 *(.rela.fini)

.rel.rodata
 *(.rel.rodata)
 *(.rel.rodata.*)
 *(.rel.gnu.linkonce.r*)

.rela.rodata
 *(.rela.rodata)
 *(.rela.rodata.*)
 *(.rela.gnu.linkonce.r*)

.rel.data
 *(.rel.data)
 *(.rel.data.*)
 *(.rel.gnu.linkonce.d*)

.rela.data
 *(.rela.data)
 *(.rela.data.*)
 *(.rela.gnu.linkonce.d*)

.rel.ctors
 *(.rel.ctors)

.rela.ctors
 *(.rela.ctors)

.rel.dtors
 *(.rel.dtors)

.rela.dtors
 *(.rela.dtors)

.rel.got
 *(.rel.got)

.rela.got
 *(.rela.got)

.rel.bss
 *(.rel.bss)

.rela.bss
 *(.rela.bss)

.rel.plt
 *(.rel.plt)

.rela.plt
 *(.rela.plt)

.text           0x00000000    0x10434
 *(.vectors)
 .vectors       0x00000000       0xe4 c:/archivos de programa/winavr/bin/../lib/gcc/avr/4.3.3/../../../../avr/lib/avr51/crtm1280.o
                0x00000000                __vectors
                0x00000000                __vector_default
 *(.vectors)
 *(.progmem.gcc*)
 .progmem.gcc_sw_table
                0x000000e4       0xbe src/cinematica/ax12.o
 .progmem.gcc_sw_table
                0x000001a2      0x17a src/comm_peripherals/display.o
 .progmem.gcc_fplib
                0x0000031c       0x2d c:/archivos de programa/winavr/bin/../lib/gcc/avr/4.3.3/../../../../avr/lib/avr51\libm.a(atan.o)
 .progmem.gcc_fplib
                0x00000349       0x28 c:/archivos de programa/winavr/bin/../lib/gcc/avr/4.3.3/../../../../avr/lib/avr51\libm.a(exp.o)
 .progmem.gcc_fplib
                0x00000371       0x28 c:/archivos de programa/winavr/bin/../lib/gcc/avr/4.3.3/../../../../avr/lib/avr51\libm.a(fp_arccos.o)
 .progmem.gcc_fplib
                0x00000399       0x1e c:/archivos de programa/winavr/bin/../lib/gcc/avr/4.3.3/../../../../avr/lib/avr51\libm.a(fp_sinus.o)
 .progmem.gcc_fplib
                0x000003b7       0x5a c:/archivos de programa/winavr/bin/../lib/gcc/avr/4.3.3/../../../../avr/lib/avr51\libm.a(log.o)
 *(.progmem*)
 .progmem.data  0x00000411      0x120 src/_arduino/pins_arduino.o
                0x00000411                port_to_mode_PGM
                0x0000045f                digital_pin_to_port_PGM
                0x000004a5                digital_pin_to_bit_mask_PGM
                0x0000042b                port_to_output_PGM
                0x00000445                port_to_input_PGM
                0x000004eb                digital_pin_to_timer_PGM
                0x00000532                . = ALIGN (0x2)
 *fill*         0x00000531        0x1 00
                0x00000532                __trampolines_start = .
 *(.trampolines)
 .trampolines   0x00000532        0x0 linker stubs
 *(.trampolines*)
                0x00000532                __trampolines_end = .
 *(.jumptables)
 *(.jumptables*)
 *(.lowtext)
 *(.lowtext*)
                0x00000532                __ctors_start = .
 *(.ctors)
 .ctors         0x00000532        0x2 src/cinematica/events.o
 .ctors         0x00000534        0x2 src/cinematica/movimiento.o
 .ctors         0x00000536        0x2 src/cinematica/mov_bajo_nivel.o
 .ctors         0x00000538        0x2 src/comm_peripherals/bluetooth.o
 .ctors         0x0000053a        0x2 src/comm_peripherals/cabeza.o
 .ctors         0x0000053c        0x2 src/comm_peripherals/display.o
 .ctors         0x0000053e        0x2 src/comm_peripherals/remote_control.o
 .ctors         0x00000540        0x2 src/conducta/conducta.o
 .ctors         0x00000542        0x2 src/_arduino/HardwareSerial.o
                0x00000544                __ctors_end = .
                0x00000544                __dtors_start = .
 *(.dtors)
 .dtors         0x00000544        0x2 src/comm_peripherals/remote_control.o
                0x00000546                __dtors_end = .
 SORT(*)(.ctors)
 SORT(*)(.dtors)
 *(.init0)
 .init0         0x00000546        0x0 c:/archivos de programa/winavr/bin/../lib/gcc/avr/4.3.3/../../../../avr/lib/avr51/crtm1280.o
                0x00000546                __init
 *(.init0)
 *(.init1)
 *(.init1)
 *(.init2)
 .init2         0x00000546        0xc c:/archivos de programa/winavr/bin/../lib/gcc/avr/4.3.3/../../../../avr/lib/avr51/crtm1280.o
 *(.init2)
 *(.init3)
 *(.init3)
 *(.init4)
 .init4         0x00000552       0x1a c:/archivos de programa/winavr/bin/../lib/gcc/avr/4.3.3/../../../../avr/lib/avr51/crtm1280.o
                0x00000552                __do_copy_data
 .init4         0x0000056c       0x10 c:/archivos de programa/winavr/bin/../lib/gcc/avr/4.3.3/avr51\libgcc.a(_clear_bss.o)
                0x0000056c                __do_clear_bss
 *(.init4)
 *(.init5)
 *(.init5)
 *(.init6)
 .init6         0x0000057c       0x16 c:/archivos de programa/winavr/bin/../lib/gcc/avr/4.3.3/avr51\libgcc.a(_ctors.o)
                0x0000057c                __do_global_ctors
 *(.init6)
 *(.init7)
 *(.init7)
 *(.init8)
 *(.init8)
 *(.init9)
 .init9         0x00000592        0x8 c:/archivos de programa/winavr/bin/../lib/gcc/avr/4.3.3/../../../../avr/lib/avr51/crtm1280.o
 *(.init9)
 *(.text)
 .text          0x0000059a        0x4 c:/archivos de programa/winavr/bin/../lib/gcc/avr/4.3.3/../../../../avr/lib/avr51/crtm1280.o
                0x0000059a                __vector_38
                0x0000059a                __vector_22
                0x0000059a                __vector_28
                0x0000059a                __vector_32
                0x0000059a                __vector_34
                0x0000059a                __vector_24
                0x0000059a                __vector_12
                0x0000059a                __vector_55
                0x0000059a                __vector_46
                0x0000059a                __bad_interrupt
                0x0000059a                __vector_31
                0x0000059a                __vector_35
                0x0000059a                __vector_39
                0x0000059a                __vector_30
                0x0000059a                __vector_45
                0x0000059a                __vector_11
                0x0000059a                __vector_54
                0x0000059a                __vector_13
                0x0000059a                __vector_17
                0x0000059a                __vector_19
                0x0000059a                __vector_56
                0x0000059a                __vector_49
                0x0000059a                __vector_41
                0x0000059a                __vector_43
                0x0000059a                __vector_27
                0x0000059a                __vector_33
                0x0000059a                __vector_47
                0x0000059a                __vector_52
                0x0000059a                __vector_37
                0x0000059a                __vector_44
                0x0000059a                __vector_9
                0x0000059a                __vector_21
                0x0000059a                __vector_29
                0x0000059a                __vector_40
                0x0000059a                __vector_26
                0x0000059a                __vector_48
                0x0000059a                __vector_14
                0x0000059a                __vector_53
                0x0000059a                __vector_10
                0x0000059a                __vector_50
                0x0000059a                __vector_16
                0x0000059a                __vector_18
                0x0000059a                __vector_20
                0x0000059a                __vector_42
                0x0000059e                . = ALIGN (0x2)
 *(.text.*)
 .text._ZN4AX125setTXEv
                0x0000059e       0x18 src/cinematica/ax12.o
                0x0000059e                AX12::setTX()
 .text._ZN4AX125setRXEv
                0x000005b6       0x1c src/cinematica/ax12.o
                0x000005b6                AX12::setRX()
 .text._ZN4AX127setNoneEv
                0x000005d2       0x18 src/cinematica/ax12.o
                0x000005d2                AX12::setNone()
 .text.__vector_36
                0x000005ea       0x44 src/cinematica/ax12.o
                0x000005ea                __vector_36
 .text._ZN4AX124initEl
                0x0000062e       0x3e src/cinematica/ax12.o
                0x0000062e                AX12::init(long)
 .text._ZN4AX12C1Eh
                0x0000066c        0xc src/cinematica/ax12.o
                0x0000066c                AX12::AX12(unsigned char)
 .text._ZN4AX12C1Ev
                0x00000678        0xc src/cinematica/ax12.o
                0x00000678                AX12::AX12()
 .text._ZN4AX1210sendPacketEhhhPh
                0x00000684       0xa2 src/cinematica/ax12.o
                0x00000684                AX12::sendPacket(unsigned char, unsigned char, unsigned char, unsigned char*)
 .text._ZN4AX1210readPacketEv
                0x00000726       0xbc src/cinematica/ax12.o
                0x00000726                AX12::readPacket()
 .text._Z8sign2bini
                0x000007e2        0xe src/cinematica/ax12.o
                0x000007e2                sign2bin(int)
 .text._Z8bin2signb
                0x000007f0        0x6 src/cinematica/ax12.o
                0x000007f0                bin2sign(bool)
 .text._Z10lengthReadh
                0x000007f6       0x26 src/cinematica/ax12.o
                0x000007f6                lengthRead(unsigned char)
 .text._Z11lengthWriteh
                0x0000081c       0x28 src/cinematica/ax12.o
                0x0000081c                lengthWrite(unsigned char)
 .text._ZN4AX1210returnDataEh
                0x00000844       0x72 src/cinematica/ax12.o
                0x00000844                AX12::returnData(unsigned char)
 .text._ZN4AX128readDataEhh
                0x000008b6       0x3c src/cinematica/ax12.o
                0x000008b6                AX12::readData(unsigned char, unsigned char)
 .text._ZN4AX124pingEv
                0x000008f2       0x26 src/cinematica/ax12.o
                0x000008f2                AX12::ping()
 .text._ZN4AX1212processValueEhPi
                0x00000918       0x84 src/cinematica/ax12.o
                0x00000918                AX12::processValue(unsigned char, int*)
 .text._ZN4AX128readInfoEh
                0x0000099c       0x80 src/cinematica/ax12.o
                0x0000099c                AX12::readInfo(unsigned char)
 .text._ZN4AX129syncWriteEhhhPhPS0_
                0x00000a1c       0xea src/cinematica/ax12.o
                0x00000a1c                AX12::syncWrite(unsigned char, unsigned char, unsigned char, unsigned char*, unsigned char**)
 .text._ZN4AX1214setMultiPosVelEhPhPiS1_
                0x00000b06      0x116 src/cinematica/ax12.o
                0x00000b06                AX12::setMultiPosVel(unsigned char, unsigned char*, int*, int*)
 .text._ZN4AX129writeDataEhhPhb
                0x00000c1c       0xba src/cinematica/ax12.o
                0x00000c1c                AX12::writeData(unsigned char, unsigned char, unsigned char*, bool)
 .text._ZN4AX129writeInfoEhib
                0x00000cd6       0xaa src/cinematica/ax12.o
                0x00000cd6                AX12::writeInfo(unsigned char, int, bool)
 .text._ZN6Events8get_dataEv
                0x00000d80       0x48 src/cinematica/events.o
                0x00000d80                Events::get_data()
 .text._ZN6Events4swapEhh
                0x00000dc8       0xc0 src/cinematica/events.o
                0x00000dc8                Events::swap(unsigned char, unsigned char)
 .text._ZN6Events3addE7MOVDATAi
                0x00000e88      0x1d4 src/cinematica/events.o
                0x00000e88                Events::add(MOVDATA, int)
 .text._ZN6Events12search_indexEmh
                0x0000105c       0xce src/cinematica/events.o
                0x0000105c                Events::search_index(unsigned long, unsigned char)
 .text._GLOBAL__I_eventos
                0x0000112a       0x1a src/cinematica/events.o
 .text._ZN6Events6searchEhi
                0x00001144      0x15c src/cinematica/events.o
                0x00001144                Events::search(unsigned char, int)
 .text._ZN6Events7processEv
                0x000012a0       0xf4 src/cinematica/events.o
                0x000012a0                Events::process()
 .text._ZN10Movimiento13get_osciladorEh
                0x00001394       0x42 src/cinematica/movimiento.o
                0x00001394                Movimiento::get_oscilador(unsigned char)
 .text._ZN10Movimiento7set_ampEhf
                0x000013d6       0x24 src/cinematica/movimiento.o
                0x000013d6                Movimiento::set_amp(unsigned char, float)
 .text._ZN10Movimiento8set_freqEhf
                0x000013fa       0x24 src/cinematica/movimiento.o
                0x000013fa                Movimiento::set_freq(unsigned char, float)
 .text._ZN10Movimiento9set_phaseEhf
                0x0000141e       0x24 src/cinematica/movimiento.o
                0x0000141e                Movimiento::set_phase(unsigned char, float)
 .text._ZN10Movimiento9set_brownEhb
                0x00001442       0x1c src/cinematica/movimiento.o
                0x00001442                Movimiento::set_brown(unsigned char, bool)
 .text._ZN10Movimiento9osc_resetEv
                0x0000145e       0x64 src/cinematica/movimiento.o
                0x0000145e                Movimiento::osc_reset()
 .text._ZN10Movimiento11get_pos_refEv
                0x000014c2        0xa src/cinematica/movimiento.o
                0x000014c2                Movimiento::get_pos_ref()
 .text._ZN10Movimiento6pasitoEh7COORD3DbfihS0_
                0x000014cc      0x79c src/cinematica/movimiento.o
                0x000014cc                Movimiento::pasito(unsigned char, COORD3D, bool, float, int, unsigned char, COORD3D)
 .text._ZN10Movimiento8posicionEP7COORD3Dii
                0x00001c68      0x114 src/cinematica/movimiento.o
                0x00001c68                Movimiento::posicion(COORD3D*, int, int)
 .text._ZN10Movimiento14actual_pos_refEv
                0x00001d7c       0x16 src/cinematica/movimiento.o
                0x00001d7c                Movimiento::actual_pos_ref()
 .text._ZN10Movimiento11set_pos_refEP7COORD3D
                0x00001d92       0x14 src/cinematica/movimiento.o
                0x00001d92                Movimiento::set_pos_ref(COORD3D*)
 .text._ZN10Movimiento12goto_pos_refEv
                0x00001da6       0xec src/cinematica/movimiento.o
                0x00001da6                Movimiento::goto_pos_ref()
 .text._ZN10Movimiento12goto_pos_refEP7COORD3D
                0x00001e92       0x16 src/cinematica/movimiento.o
                0x00001e92                Movimiento::goto_pos_ref(COORD3D*)
 .text._ZN10Movimiento13osc_randomizeEffhf
                0x00001ea8      0x1bc src/cinematica/movimiento.o
                0x00001ea8                Movimiento::osc_randomize(float, float, unsigned char, float)
 .text._ZN10Movimiento9osciladorEfi
                0x00002064       0x90 src/cinematica/movimiento.o
                0x00002064                Movimiento::oscilador(float, int)
 .text._ZN10Movimiento5saltoEff
                0x000020f4      0x146 src/cinematica/movimiento.o
                0x000020f4                Movimiento::salto(float, float)
 .text._ZN10Movimiento6troncoEP7COORD3DS0_S0_fffih
                0x0000223a      0x522 src/cinematica/movimiento.o
                0x0000223a                Movimiento::tronco(COORD3D*, COORD3D, COORD3D, float, float, float, int, unsigned char)
 .text._ZN10Movimiento8rotationEfffih
                0x0000275c      0x102 src/cinematica/movimiento.o
                0x0000275c                Movimiento::rotation(float, float, float, int, unsigned char)
 .text._ZN10Movimiento11translationE7COORD3Dih
                0x0000285e      0x106 src/cinematica/movimiento.o
                0x0000285e                Movimiento::translation(COORD3D, int, unsigned char)
 .text._ZN10MovimientoC1Ev
                0x00002964       0xe2 src/cinematica/movimiento.o
                0x00002964                Movimiento::Movimiento()
 .text._GLOBAL__I_mov
                0x00002a46        0xa src/cinematica/movimiento.o
 .text._ZN10Movimiento4stopEv
                0x00002a50        0xa src/cinematica/movimiento2.o
                0x00002a50                Movimiento::stop()
 .text._ZN10Movimiento4nsegEi
                0x00002a5a       0x22 src/cinematica/movimiento2.o
                0x00002a5a                Movimiento::nseg(int)
 .text._ZN10Movimiento4nsegEihf
                0x00002a7c       0xaa src/cinematica/movimiento2.o
                0x00002a7c                Movimiento::nseg(int, unsigned char, float)
 .text._ZN10Movimiento10inc_escalaEv
                0x00002b26       0x78 src/cinematica/movimiento2.o
                0x00002b26                Movimiento::inc_escala()
 .text._ZN10Movimiento10dec_escalaEv
                0x00002b9e       0x78 src/cinematica/movimiento2.o
                0x00002b9e                Movimiento::dec_escala()
 .text._ZN10Movimiento9h_correctE7COORD2D
                0x00002c16       0xe8 src/cinematica/movimiento2.o
                0x00002c16                Movimiento::h_correct(COORD2D)
 .text._ZN10Movimiento9h_correctE7COORD2Dh
                0x00002cfe      0x156 src/cinematica/movimiento2.o
                0x00002cfe                Movimiento::h_correct(COORD2D, unsigned char)
 .text._ZN10Movimiento6updateEm
                0x00002e54     0x1fce src/cinematica/movimiento2.o
                0x00002e54                Movimiento::update(unsigned long)
 .text._ZN10Movimiento14caminata_init2Ev
                0x00004e22      0x190 src/cinematica/movimiento2.o
                0x00004e22                Movimiento::caminata_init2()
 .text._ZN10Movimiento13caminata_initEv
                0x00004fb2      0x372 src/cinematica/movimiento2.o
                0x00004fb2                Movimiento::caminata_init()
 .text._ZN10Movimiento5startEv
                0x00005324       0x64 src/cinematica/movimiento2.o
                0x00005324                Movimiento::start()
 .text._ZN10Movimiento8caminataEb
                0x00005388       0x3e src/cinematica/movimiento2.o
                0x00005388                Movimiento::caminata(bool)
 .text._ZN10Movimiento10set_valuesEffb7COORD2Dfhf
                0x000053c6      0xc9e src/cinematica/movimiento2.o
                0x000053c6                Movimiento::set_values(float, float, bool, COORD2D, float, unsigned char, float)
 .text._ZN10Movimiento7set_velEf
                0x00006064      0x1d2 src/cinematica/movimiento2.o
                0x00006064                Movimiento::set_vel(float)
 .text._ZN10Movimiento8caminataEffb7COORD2Dfhf
                0x00006236       0xae src/cinematica/movimiento2.o
                0x00006236                Movimiento::caminata(float, float, bool, COORD2D, float, unsigned char, float)
 .text._ZN10Movimiento5rectaEfffhf
                0x000062e4       0xd8 src/cinematica/movimiento2.o
                0x000062e4                Movimiento::recta(float, float, float, unsigned char, float)
 .text._ZN10Movimiento5curvaEff7COORD2Dbhf
                0x000063bc      0x10c src/cinematica/movimiento2.o
                0x000063bc                Movimiento::curva(float, float, COORD2D, bool, unsigned char, float)
 .text._Z12init_filtersv
                0x000064c8       0x32 src/cinematica/mov_bajo_nivel.o
                0x000064c8                init_filters()
 .text._GLOBAL__I_motors
                0x000064fa       0x36 src/cinematica/mov_bajo_nivel.o
 .text._Zpl6StringRKS_
                0x00006530       0x24 src/cinematica/mov_bajo_nivel.o
                0x00006530                operator+(String, String const&)
 .text._Z18poll_analog_sensorm
                0x00006554       0x86 src/cinematica/mov_bajo_nivel.o
                0x00006554                poll_analog_sensor(unsigned long)
 .text._Z9poll_loadv
                0x000065da      0x16a src/cinematica/mov_bajo_nivel.o
                0x000065da                poll_load()
 .text._Z10motor_inithh
                0x00006744       0xe4 src/cinematica/mov_bajo_nivel.o
                0x00006744                motor_init(unsigned char, unsigned char)
 .text._Z12motor_updatev
                0x00006828      0x240 src/cinematica/mov_bajo_nivel.o
                0x00006828                motor_update()
 .text._Z3xyzPi
                0x00006a68      0x1e2 src/cinematica/mov_bajo_nivel.o
                0x00006a68                xyz(int*)
 .text._Z9get_coordh
                0x00006c4a      0x148 src/cinematica/mov_bajo_nivel.o
                0x00006c4a                get_coord(unsigned char)
 .text._Z11motor_setupv
                0x00006d92      0x262 src/cinematica/mov_bajo_nivel.o
                0x00006d92                motor_setup()
 .text._Z12alfabetagama7COORD3D
                0x00006ff4      0x23e src/cinematica/mov_bajo_nivel.o
                0x00006ff4                alfabetagama(COORD3D)
 .text._Z9set_coordR7MOVDATA
                0x00007232      0x1d0 src/cinematica/mov_bajo_nivel.o
                0x00007232                set_coord(MOVDATA&)
 .text._Z6bezierffff
                0x00007402       0xde src/cinematica/vectores.o
                0x00007402                bezier(float, float, float, float)
 .text._Z4suma7COORD3DS_
                0x000074e0       0xd0 src/cinematica/vectores.o
                0x000074e0                suma(COORD3D, COORD3D)
 .text._Z4suma7COORD2DS_
                0x000075b0       0xb6 src/cinematica/vectores.o
                0x000075b0                suma(COORD2D, COORD2D)
 .text._Z5resta7COORD3DS_
                0x00007666       0xd0 src/cinematica/vectores.o
                0x00007666                resta(COORD3D, COORD3D)
 .text._Z5resta7COORD2DS_
                0x00007736       0xb6 src/cinematica/vectores.o
                0x00007736                resta(COORD2D, COORD2D)
 .text._Z8producto7COORD3Df
                0x000077ec       0xdc src/cinematica/vectores.o
                0x000077ec                producto(COORD3D, float)
 .text._Z8producto7COORD2Df
                0x000078c8       0x9e src/cinematica/vectores.o
                0x000078c8                producto(COORD2D, float)
 .text._Z6xz2xyz7COORD2D
                0x00007966       0x72 src/cinematica/vectores.o
                0x00007966                xz2xyz(COORD2D)
 .text._Z6xyz2xz7COORD3D
                0x000079d8       0x76 src/cinematica/vectores.o
                0x000079d8                xyz2xz(COORD3D)
 .text._Z11applyMatrix7COORD3DPS_
                0x00007a4e      0x228 src/cinematica/vectores.o
                0x00007a4e                applyMatrix(COORD3D, COORD3D*)
 .text._Z11applyMatrix7COORD2DPS_
                0x00007c76      0x116 src/cinematica/vectores.o
                0x00007c76                applyMatrix(COORD2D, COORD2D*)
 .text._Z9sumasignaP7COORD3DS_
                0x00007d8c       0xd4 src/cinematica/vectores.o
                0x00007d8c                sumasigna(COORD3D*, COORD3D)
 .text._Z9sumasignaP7COORD2DS_
                0x00007e60       0x92 src/cinematica/vectores.o
                0x00007e60                sumasigna(COORD2D*, COORD2D)
 .text._Z10patas2patah
                0x00007ef2       0x2c src/cinematica/vectores.o
                0x00007ef2                patas2pata(unsigned char)
 .text._Z8traslateP7COORD3DS_
                0x00007f1e      0x144 src/cinematica/vectores.o
                0x00007f1e                traslate(COORD3D*, COORD3D)
 .text._Z13edit_positionP7COORD3Dffff
                0x00008062      0x164 src/cinematica/vectores.o
                0x00008062                edit_position(COORD3D*, float, float, float, float)
 .text._Z9getOffseth
                0x000081c6       0xa2 src/cinematica/vectores.o
                0x000081c6                getOffset(unsigned char)
 .text._Z6rotateP7COORD3DS_S0_
                0x00008268      0x294 src/cinematica/vectores.o
                0x00008268                rotate(COORD3D*, COORD3D, COORD3D*)
 .text._Z7abs2rel7COORD3Dh
                0x000084fc       0xfc src/cinematica/vectores.o
                0x000084fc                abs2rel(COORD3D, unsigned char)
 .text._Z7abs2relP7COORD3D
                0x000085f8       0xa2 src/cinematica/vectores.o
                0x000085f8                abs2rel(COORD3D*)
 .text._Z7rel2abs7COORD2Dh
                0x0000869a       0xd6 src/cinematica/vectores.o
                0x0000869a                rel2abs(COORD2D, unsigned char)
 .text._Z7rel2abs7COORD3Dh
                0x00008770      0x10e src/cinematica/vectores.o
                0x00008770                rel2abs(COORD3D, unsigned char)
 .text._Z8ec_planoP7COORD3DS0_Pf
                0x0000887e      0x3a6 src/cinematica/vectores.o
                0x0000887e                ec_plano(COORD3D*, COORD3D*, float*)
 .text._Z7rel2absP7COORD3D
                0x00008c24       0xa2 src/cinematica/vectores.o
                0x00008c24                rel2abs(COORD3D*)
 .text._Z10proyeccionP7COORD3DS0_
                0x00008cc6      0x27c src/cinematica/vectores.o
                0x00008cc6                proyeccion(COORD3D*, COORD3D*)
 .text._Z8hexagonoffff
                0x00008f42      0x224 src/cinematica/vectores.o
                0x00008f42                hexagono(float, float, float, float)
 .text._Z9distancia7COORD2DS_
                0x00009166       0x9e src/cinematica/vectores.o
                0x00009166                distancia(COORD2D, COORD2D)
 .text._Z17getRotationMatrixP7COORD2Df
                0x00009204       0x6c src/cinematica/vectores.o
                0x00009204                getRotationMatrix(COORD2D*, float)
 .text._Z17getRotationMatrixP7COORD3Dfff
                0x00009270      0x278 src/cinematica/vectores.o
                0x00009270                getRotationMatrix(COORD3D*, float, float, float)
 .text._ZN9Bluetooth12blue_processEhhPh
                0x000094e8        0x2 src/comm_peripherals/bluetooth.o
                0x000094e8                Bluetooth::blue_process(unsigned char, unsigned char, unsigned char*)
 .text._ZN9Bluetooth9ATcommandEPKcihz
                0x000094ea      0x218 src/comm_peripherals/bluetooth.o
                0x000094ea                Bluetooth::ATcommand(char const*, int, unsigned char, ...)
 .text._ZN9Bluetooth7connectEv
                0x00009702      0x29c src/comm_peripherals/bluetooth.o
                0x00009702                Bluetooth::connect()
 .text._ZN9BluetoothC1Ev
                0x0000999e       0x86 src/comm_peripherals/bluetooth.o
                0x0000999e                Bluetooth::Bluetooth()
 .text._GLOBAL__I_blue
                0x00009a24        0xa src/comm_peripherals/bluetooth.o
 .text._ZN6Cabeza8callbackEhhPh
                0x00009a2e       0xd0 src/comm_peripherals/cabeza.o
                0x00009a2e                Cabeza::callback(unsigned char, unsigned char, unsigned char*)
 .text._ZN6Cabeza16disable_send_allEv
                0x00009afe       0x22 src/comm_peripherals/cabeza.o
                0x00009afe                Cabeza::disable_send_all()
 .text._ZN6Cabeza8set_timeEh
                0x00009b20       0x22 src/comm_peripherals/cabeza.o
                0x00009b20                Cabeza::set_time(unsigned char)
 .text._ZN6Cabeza7requestEh
                0x00009b42        0xc src/comm_peripherals/cabeza.o
                0x00009b42                Cabeza::request(unsigned char)
 .text._ZN6Cabeza13set_thresholdEhj
                0x00009b4e       0x30 src/comm_peripherals/cabeza.o
                0x00009b4e                Cabeza::set_threshold(unsigned char, unsigned int)
 .text._ZN6Cabeza8umbralesEv
                0x00009b7e       0x4e src/comm_peripherals/cabeza.o
                0x00009b7e                Cabeza::umbrales()
 .text._ZN6Cabeza10threshModeEv
                0x00009bcc       0x16 src/comm_peripherals/cabeza.o
                0x00009bcc                Cabeza::threshMode()
 .text._ZN6CabezaC1Ev
                0x00009be2       0x8e src/comm_peripherals/cabeza.o
                0x00009be2                Cabeza::Cabeza()
 .text._GLOBAL__I_kbza
                0x00009c70        0xa src/comm_peripherals/cabeza.o
 .text._ZN7Display6conwayEii
                0x00009c7a       0x14 src/comm_peripherals/display.o
                0x00009c7a                Display::conway(int, int)
 .text._ZN7Display5anchoEc
                0x00009c8e       0x40 src/comm_peripherals/display.o
                0x00009c8e                Display::ancho(char)
 .text._ZN7Display6offsetEc
                0x00009cce       0x30 src/comm_peripherals/display.o
                0x00009cce                Display::offset(char)
 .text._ZN7Display6isBusyEv
                0x00009cfe       0x1c src/comm_peripherals/display.o
                0x00009cfe                Display::isBusy()
 .text._GLOBAL__I_pantalla
                0x00009d1a       0x10 src/comm_peripherals/display.o
 .text._ZN7Display10SPIsendMsgEhhPh
                0x00009d2a       0x5a src/comm_peripherals/display.o
                0x00009d2a                Display::SPIsendMsg(unsigned char, unsigned char, unsigned char*)
 .text._ZN7Display3lsmEcc
                0x00009d84       0x28 src/comm_peripherals/display.o
                0x00009d84                Display::lsm(char, char)
 .text._ZN7Display7lsm_intEcc
                0x00009dac       0x3e src/comm_peripherals/display.o
                0x00009dac                Display::lsm_int(char, char)
 .text._ZN7Display6scrollEccbb
                0x00009dea       0x38 src/comm_peripherals/display.o
                0x00009dea                Display::scroll(char, char, bool, bool)
 .text._ZN7Display6conwayEv
                0x00009e22        0xe src/comm_peripherals/display.o
                0x00009e22                Display::conway()
 .text._ZN7Display6updateEm
                0x00009e30      0x1f0 src/comm_peripherals/display.o
                0x00009e30                Display::update(unsigned long)
 .text._ZN7Display8setPixelEhh
                0x0000a020       0x2a src/comm_peripherals/display.o
                0x0000a020                Display::setPixel(unsigned char, unsigned char)
 .text._ZN7Display8setColorEhhh
                0x0000a04a       0x2c src/comm_peripherals/display.o
                0x0000a04a                Display::setColor(unsigned char, unsigned char, unsigned char)
 .text._ZN7Display10scrollTextEPKciici
                0x0000a076       0x7c src/comm_peripherals/display.o
                0x0000a076                Display::scrollText(char const*, int, int, char, int)
 .text._ZN13RemoteControl11displayTextEv
                0x0000a0f2       0x64 src/comm_peripherals/remote_control.o
                0x0000a0f2                RemoteControl::displayText()
 .text._ZN13RemoteControlC1Ev
                0x0000a156       0x94 src/comm_peripherals/remote_control.o
                0x0000a156                RemoteControl::RemoteControl()
 .text._Z41__static_initialization_and_destruction_0ii
                0x0000a1ea       0x32 src/comm_peripherals/remote_control.o
 .text._GLOBAL__D_rc
                0x0000a21c        0xe src/comm_peripherals/remote_control.o
 .text._GLOBAL__I_rc
                0x0000a22a        0xe src/comm_peripherals/remote_control.o
 .text._ZN13RemoteControl11osciladoresEh
                0x0000a238      0x6dc src/comm_peripherals/remote_control.o
                0x0000a238                RemoteControl::osciladores(unsigned char)
 .text._ZN13RemoteControl13editar_centroEh
                0x0000a914      0x50c src/comm_peripherals/remote_control.o
                0x0000a914                RemoteControl::editar_centro(unsigned char)
 .text._ZN13RemoteControl10editar_posEh
                0x0000ae20      0x55a src/comm_peripherals/remote_control.o
                0x0000ae20                RemoteControl::editar_pos(unsigned char)
 .text._ZN13RemoteControl10rotacionesEh
                0x0000b37a      0x626 src/comm_peripherals/remote_control.o
                0x0000b37a                RemoteControl::rotaciones(unsigned char)
 .text._ZN13RemoteControl12traslacionesEh
                0x0000b9a0      0x63e src/comm_peripherals/remote_control.o
                0x0000b9a0                RemoteControl::traslaciones(unsigned char)
 .text._ZN13RemoteControl9caminatasEh
                0x0000bfde      0xb1e src/comm_peripherals/remote_control.o
                0x0000bfde                RemoteControl::caminatas(unsigned char)
 .text._ZN13RemoteControl16procesar_comandoEh
                0x0000cafc      0x73c src/comm_peripherals/remote_control.o
                0x0000cafc                RemoteControl::procesar_comando(unsigned char)
 .text._ZN10SerialcommC1Ev
                0x0000d238        0x2 src/comm_peripherals/serialcomm.o
                0x0000d238                Serialcomm::Serialcomm()
 .text._ZN10Serialcomm8send_msgEhhPh
                0x0000d23a       0x6c src/comm_peripherals/serialcomm.o
                0x0000d23a                Serialcomm::send_msg(unsigned char, unsigned char, unsigned char*)
 .text._ZN10Serialcomm12process_byteEh
                0x0000d2a6       0x68 src/comm_peripherals/serialcomm.o
                0x0000d2a6                Serialcomm::process_byte(unsigned char)
 .text._ZN10Serialcomm11leer_serialEh
                0x0000d30e       0x26 src/comm_peripherals/serialcomm.o
                0x0000d30e                Serialcomm::leer_serial(unsigned char)
 .text._ZN10Serialcomm14send_2byte_msgEhj
                0x0000d334       0x32 src/comm_peripherals/serialcomm.o
                0x0000d334                Serialcomm::send_2byte_msg(unsigned char, unsigned int)
 .text._ZN10Serialcomm11leer_serialEv
                0x0000d366       0x2c src/comm_peripherals/serialcomm.o
                0x0000d366                Serialcomm::leer_serial()
 .text._ZN10SerialcommC1EP14HardwareSeriallhhPFvhhPhE
                0x0000d392       0x82 src/comm_peripherals/serialcomm.o
                0x0000d392                Serialcomm::Serialcomm(HardwareSerial*, long, unsigned char, unsigned char, void (*)(unsigned char, unsigned char, unsigned char*))
 .text._ZN8Conducta6enableEv
                0x0000d414        0x8 src/conducta/conducta.o
                0x0000d414                Conducta::enable()
 .text._ZN8Conducta7disableEv
                0x0000d41c        0x6 src/conducta/conducta.o
                0x0000d41c                Conducta::disable()
 .text._ZN8Conducta5salirEv
                0x0000d422        0x2 src/conducta/conducta.o
                0x0000d422                Conducta::salir()
 .text._Z13conducta_mainv
                0x0000d424      0x110 src/conducta/conducta.o
                0x0000d424                conducta_main()
 .text._Z13conducta_initv
                0x0000d534       0x3a src/conducta/conducta.o
                0x0000d534                conducta_init()
 .text._ZN9EmpujonesC1Eh
                0x0000d56e      0x116 src/conducta/conducta.o
                0x0000d56e                Empujones::Empujones(unsigned char)
 .text._GLOBAL__I__ZN8Conducta6estadoE
                0x0000d684       0x28 src/conducta/conducta.o
 .text._ZN9ReactLoad7evaluarEv
                0x0000d6ac      0x164 src/conducta/conducta2.o
                0x0000d6ac                ReactLoad::evaluar()
 .text._ZN9Empujones8ejecutarEv
                0x0000d810       0xaa src/conducta/conducta2.o
                0x0000d810                Empujones::ejecutar()
 .text._ZN9ReactLoad8ejecutarEv
                0x0000d8ba      0x2c2 src/conducta/conducta2.o
                0x0000d8ba                ReactLoad::ejecutar()
 .text._ZN9Empujones7evaluarEv
                0x0000db7c      0x1bc src/conducta/conducta2.o
                0x0000db7c                Empujones::evaluar()
 .text._ZN5NnodeC1Eh
                0x0000dd38       0x28 src/hardware_util/ann.o
                0x0000dd38                Nnode::Nnode(unsigned char)
 .text._ZN6NlayerC1Ehh
                0x0000dd60       0x9e src/hardware_util/ann.o
                0x0000dd60                Nlayer::Nlayer(unsigned char, unsigned char)
 .text._ZN5Nnode7computeEPf
                0x0000ddfe       0xb6 src/hardware_util/ann.o
                0x0000ddfe                Nnode::compute(float*)
 .text._ZN6Nlayer7computeEPfS0_
                0x0000deb4       0x6a src/hardware_util/ann.o
                0x0000deb4                Nlayer::compute(float*, float*)
 .text._ZN5Nnode11set_weightsEPf
                0x0000df1e       0x1e src/hardware_util/ann.o
                0x0000df1e                Nnode::set_weights(float*)
 .text._Z9setTimersv
                0x0000df3c       0xda src/hardware_util/hardware.o
                0x0000df3c                setTimers()
 .text._Z9ADCconfigv
                0x0000e016        0xe src/hardware_util/hardware.o
                0x0000e016                ADCconfig()
 .text._Z11ADCInitConvh
                0x0000e024       0x32 src/hardware_util/hardware.o
                0x0000e024                ADCInitConv(unsigned char)
 .text._Z11ADCReadConvv
                0x0000e056       0x14 src/hardware_util/hardware.o
                0x0000e056                ADCReadConv()
 .text._Z11SPItransferh
                0x0000e06a       0x14 src/hardware_util/hardware.o
                0x0000e06a                SPItransfer(unsigned char)
 .text._Z14all_timers_offb
                0x0000e07e       0x38 src/hardware_util/hardware.o
                0x0000e07e                all_timers_off(bool)
 .text._Z6millisv
                0x0000e0b6       0x1c src/hardware_util/hardware.o
                0x0000e0b6                millis()
 .text._Z5delaym
                0x0000e0d2       0x54 src/hardware_util/hardware.o
                0x0000e0d2                delay(unsigned long)
 .text._Z17delayMicrosecondsj
                0x0000e126       0x14 src/hardware_util/hardware.o
                0x0000e126                delayMicroseconds(unsigned int)
 .text.__vector_15
                0x0000e13a       0x6c src/hardware_util/hardware.o
                0x0000e13a                __vector_15
 .text.__vector_23
                0x0000e1a6      0x11c src/hardware_util/hardware.o
                0x0000e1a6                __vector_23
 .text._Z9SPIconfigv
                0x0000e2c2       0x4a src/hardware_util/hardware.o
                0x0000e2c2                SPIconfig()
 .text._Z4signi
                0x0000e30c       0x16 src/hardware_util/util.o
                0x0000e30c                sign(int)
 .text._Z6randomf
                0x0000e322       0x6c src/hardware_util/util.o
                0x0000e322                random(float)
 .text._Z6randomff
                0x0000e38e       0x56 src/hardware_util/util.o
                0x0000e38e                random(float, float)
 .text._Z14brownian_noisePffff
                0x0000e3e4       0xfe src/hardware_util/util.o
                0x0000e3e4                brownian_noise(float*, float, float, float)
 .text._Z10randomSeedj
                0x0000e4e2        0xa src/hardware_util/util.o
                0x0000e4e2                randomSeed(unsigned int)
 .text._Z10log_randomf
                0x0000e4ec       0x2a src/hardware_util/util.o
                0x0000e4ec                log_random(float)
 .text._Z12float2stringf
                0x0000e516      0x294 src/hardware_util/util.o
                0x0000e516                float2string(float)
 .text._Z8sigmoided
                0x0000e7aa       0x24 src/hardware_util/util.o
                0x0000e7aa                sigmoide(double)
 .text.main     0x0000e7ce      0x10c src/main.o
                0x0000e7ce                main
 .text.__vector_25
                0x0000e8da       0x6a src/_arduino/HardwareSerial.o
                0x0000e8da                __vector_25
 .text.__vector_51
                0x0000e944       0x6a src/_arduino/HardwareSerial.o
                0x0000e944                __vector_51
 .text._ZN14HardwareSerial5beginEl
                0x0000e9ae       0xba src/_arduino/HardwareSerial.o
                0x0000e9ae                HardwareSerial::begin(long)
 .text._ZN14HardwareSerial9availableEv
                0x0000ea68       0x22 src/_arduino/HardwareSerial.o
                0x0000ea68                HardwareSerial::available()
 .text._ZN14HardwareSerial4readEv
                0x0000ea8a       0x48 src/_arduino/HardwareSerial.o
                0x0000ea8a                HardwareSerial::read()
 .text._ZN14HardwareSerial5flushEv
                0x0000ead2       0x18 src/_arduino/HardwareSerial.o
                0x0000ead2                HardwareSerial::flush()
 .text._ZN14HardwareSerial5writeEh
                0x0000eaea       0x26 src/_arduino/HardwareSerial.o
                0x0000eaea                HardwareSerial::write(unsigned char)
 .text._GLOBAL__I_rx_buffer
                0x0000eb10       0xd8 src/_arduino/HardwareSerial.o
 .text._ZN5Print5writeEPKc
                0x0000ebe8       0x30 src/_arduino/Print.o
                0x0000ebe8                Print::write(char const*)
 .text._ZN5Print5writeEPKhj
                0x0000ec18       0x3e src/_arduino/Print.o
                0x0000ec18                Print::write(unsigned char const*, unsigned int)
 .text._ZN5Print5printEPKc
                0x0000ec56       0x10 src/_arduino/Print.o
                0x0000ec56                Print::print(char const*)
 .text.__vector_1
                0x0000ec66       0x62 src/_arduino/WInterrupts.o
                0x0000ec66                __vector_1
 .text.__vector_2
                0x0000ecc8       0x62 src/_arduino/WInterrupts.o
                0x0000ecc8                __vector_2
 .text.__vector_3
                0x0000ed2a       0x62 src/_arduino/WInterrupts.o
                0x0000ed2a                __vector_3
 .text.__vector_4
                0x0000ed8c       0x62 src/_arduino/WInterrupts.o
                0x0000ed8c                __vector_4
 .text.__vector_5
                0x0000edee       0x62 src/_arduino/WInterrupts.o
                0x0000edee                __vector_5
 .text.__vector_6
                0x0000ee50       0x62 src/_arduino/WInterrupts.o
                0x0000ee50                __vector_6
 .text.__vector_7
                0x0000eeb2       0x62 src/_arduino/WInterrupts.o
                0x0000eeb2                __vector_7
 .text.__vector_8
                0x0000ef14       0x62 src/_arduino/WInterrupts.o
                0x0000ef14                __vector_8
 .text.pinMode  0x0000ef76       0x4c src/_arduino/wiring_digital.o
                0x0000ef76                pinMode
 .text.turnOffPWM
                0x0000efc2       0xe6 src/_arduino/wiring_digital.o
 .text.digitalWrite
                0x0000f0a8       0x6a src/_arduino/wiring_digital.o
                0x0000f0a8                digitalWrite
 .text._ZN6String11toCharArrayEv
                0x0000f112        0x8 src/_arduino/WString.o
                0x0000f112                String::toCharArray()
 .text._ZN6StringD1Ev
                0x0000f11a       0x20 src/_arduino/WString.o
                0x0000f11a                String::~String()
 .text._ZNK6String7indexOfERKS_j
                0x0000f13a       0x3c src/_arduino/WString.o
                0x0000f13a                String::indexOf(String const&, unsigned int) const
 .text._ZNK6String7indexOfERKS_
                0x0000f176        0xa src/_arduino/WString.o
                0x0000f176                String::indexOf(String const&) const
 .text._ZN6StringpLERKS_
                0x0000f180       0x70 src/_arduino/WString.o
                0x0000f180                String::operator+=(String const&)
 .text._ZN6String9getBufferEj
                0x0000f1f0       0x28 src/_arduino/WString.o
                0x0000f1f0                String::getBuffer(unsigned int)
 .text._ZN6StringaSERKS_
                0x0000f218       0x60 src/_arduino/WString.o
                0x0000f218                String::operator=(String const&)
 .text._ZN6StringC1ERKS_
                0x0000f278       0x36 src/_arduino/WString.o
                0x0000f278                String::String(String const&)
 .text._ZN6StringC1EPKc
                0x0000f2ae       0x50 src/_arduino/WString.o
                0x0000f2ae                String::String(char const*)
 .text._ZN6StringC1Eii
                0x0000f2fe       0x78 src/_arduino/WString.o
                0x0000f2fe                String::String(int, int)
 .text.avr-libc.fplib
                0x0000f376       0x1c c:/archivos de programa/winavr/bin/../lib/gcc/avr/4.3.3/../../../../avr/lib/avr51\libm.a(acos.o)
                0x0000f376                acos
 .text.avr-libc.fplib
                0x0000f392        0xa c:/archivos de programa/winavr/bin/../lib/gcc/avr/4.3.3/../../../../avr/lib/avr51\libm.a(addsf3.o)
                0x0000f392                __subsf3
                0x0000f394                __addsf3
 .text.avr-libc.fplib
                0x0000f39c       0xc0 c:/archivos de programa/winavr/bin/../lib/gcc/avr/4.3.3/../../../../avr/lib/avr51\libm.a(addsf3x.o)
                0x0000f3b6                __addsf3x
 .text.avr-libc.fplib
                0x0000f45c       0x74 c:/archivos de programa/winavr/bin/../lib/gcc/avr/4.3.3/../../../../avr/lib/avr51\libm.a(atan2.o)
                0x0000f47a                atan2
 .text.avr-libc.fplib
                0x0000f4d0       0x50 c:/archivos de programa/winavr/bin/../lib/gcc/avr/4.3.3/../../../../avr/lib/avr51\libm.a(atan.o)
                0x0000f4d0                atan
 .text.avr-libc.fplib
                0x0000f520        0x8 c:/archivos de programa/winavr/bin/../lib/gcc/avr/4.3.3/../../../../avr/lib/avr51\libm.a(cmpsf2.o)
                0x0000f520                __lesf2
                0x0000f520                __nesf2
                0x0000f520                __eqsf2
                0x0000f520                __cmpsf2
                0x0000f520                __ltsf2
 .text.avr-libc.fplib
                0x0000f528        0x6 c:/archivos de programa/winavr/bin/../lib/gcc/avr/4.3.3/../../../../avr/lib/avr51\libm.a(cos.o)
                0x0000f528                cos
 .text.avr-libc.fplib
                0x0000f52e        0x4 c:/archivos de programa/winavr/bin/../lib/gcc/avr/4.3.3/../../../../avr/lib/avr51\libm.a(divsf3.o)
                0x0000f52e                __divsf3
 .text.avr-libc.fplib
                0x0000f532       0xcc c:/archivos de programa/winavr/bin/../lib/gcc/avr/4.3.3/../../../../avr/lib/avr51\libm.a(divsf3x.o)
                0x0000f548                __divsf3x
                0x0000f54c                __divsf3_pse
 .text.avr-libc.fplib
                0x0000f5fe       0x62 c:/archivos de programa/winavr/bin/../lib/gcc/avr/4.3.3/../../../../avr/lib/avr51\libm.a(exp.o)
                0x0000f608                exp
 .text.avr-libc.fplib
                0x0000f660        0xa c:/archivos de programa/winavr/bin/../lib/gcc/avr/4.3.3/../../../../avr/lib/avr51\libm.a(fixsfsi.o)
                0x0000f660                __fixsfsi
 .text.avr-libc.fplib
                0x0000f66a       0x58 c:/archivos de programa/winavr/bin/../lib/gcc/avr/4.3.3/../../../../avr/lib/avr51\libm.a(fixunssfsi.o)
                0x0000f66a                __fixunssfsi
 .text.avr-libc.fplib
                0x0000f6c2       0x7a c:/archivos de programa/winavr/bin/../lib/gcc/avr/4.3.3/../../../../avr/lib/avr51\libm.a(floatsisf.o)
                0x0000f6c6                __floatsisf
                0x0000f6c2                __floatunsisf
 .text.avr-libc.fplib
                0x0000f73c       0x36 c:/archivos de programa/winavr/bin/../lib/gcc/avr/4.3.3/../../../../avr/lib/avr51\libm.a(fp_arccos.o)
                0x0000f73c                __fp_arccos
 .text.avr-libc.fplib
                0x0000f772       0x48 c:/archivos de programa/winavr/bin/../lib/gcc/avr/4.3.3/../../../../avr/lib/avr51\libm.a(fp_cmp.o)
                0x0000f772                __fp_cmp
 .text.avr-libc.fplib
                0x0000f7ba        0xc c:/archivos de programa/winavr/bin/../lib/gcc/avr/4.3.3/../../../../avr/lib/avr51\libm.a(fp_inf.o)
                0x0000f7ba                __fp_inf
 .text.avr-libc.fplib
                0x0000f7c6        0x6 c:/archivos de programa/winavr/bin/../lib/gcc/avr/4.3.3/../../../../avr/lib/avr51\libm.a(fp_nan.o)
                0x0000f7c6                __fp_nan
 .text.avr-libc.fplib
                0x0000f7cc       0x4a c:/archivos de programa/winavr/bin/../lib/gcc/avr/4.3.3/../../../../avr/lib/avr51\libm.a(fp_powser.o)
                0x0000f7cc                __fp_powser
 .text.avr-libc.fplib
                0x0000f816        0xe c:/archivos de programa/winavr/bin/../lib/gcc/avr/4.3.3/../../../../avr/lib/avr51\libm.a(fp_pscA.o)
                0x0000f816                __fp_pscA
 .text.avr-libc.fplib
                0x0000f824        0xe c:/archivos de programa/winavr/bin/../lib/gcc/avr/4.3.3/../../../../avr/lib/avr51\libm.a(fp_pscB.o)
                0x0000f824                __fp_pscB
 .text.avr-libc.fplib
                0x0000f832       0x50 c:/archivos de programa/winavr/bin/../lib/gcc/avr/4.3.3/../../../../avr/lib/avr51\libm.a(fp_rempio2.o)
                0x0000f834                __fp_rempio2
 .text.avr-libc.fplib
                0x0000f882       0x22 c:/archivos de programa/winavr/bin/../lib/gcc/avr/4.3.3/../../../../avr/lib/avr51\libm.a(fp_round.o)
                0x0000f882                __fp_round
 .text.avr-libc.fplib
                0x0000f8a4       0x22 c:/archivos de programa/winavr/bin/../lib/gcc/avr/4.3.3/../../../../avr/lib/avr51\libm.a(fp_sinus.o)
                0x0000f8a4                __fp_sinus
 .text.avr-libc.fplib
                0x0000f8c6       0x44 c:/archivos de programa/winavr/bin/../lib/gcc/avr/4.3.3/../../../../avr/lib/avr51\libm.a(fp_split3.o)
                0x0000f8c6                __fp_split3
                0x0000f8d6                __fp_splitA
 .text.avr-libc.fplib
                0x0000f90a        0xe c:/archivos de programa/winavr/bin/../lib/gcc/avr/4.3.3/../../../../avr/lib/avr51\libm.a(fp_zero.o)
                0x0000f90a                __fp_zero
                0x0000f90c                __fp_szero
 .text.avr-libc.fplib
                0x0000f918        0x8 c:/archivos de programa/winavr/bin/../lib/gcc/avr/4.3.3/../../../../avr/lib/avr51\libm.a(gesf2.o)
                0x0000f918                __gtsf2
                0x0000f918                __gesf2
 .text.avr-libc.fplib
                0x0000f920       0xc2 c:/archivos de programa/winavr/bin/../lib/gcc/avr/4.3.3/../../../../avr/lib/avr51\libm.a(hypot.o)
                0x0000f932                hypot
 .text.avr-libc.fplib
                0x0000f9e2        0xe c:/archivos de programa/winavr/bin/../lib/gcc/avr/4.3.3/../../../../avr/lib/avr51\libm.a(inverse.o)
                0x0000f9e2                inverse
 .text.avr-libc.fplib
                0x0000f9f0       0x6c c:/archivos de programa/winavr/bin/../lib/gcc/avr/4.3.3/../../../../avr/lib/avr51\libm.a(ldexp.o)
                0x0000f9f4                ldexp
 .text.avr-libc.fplib
                0x0000fa5c       0x8a c:/archivos de programa/winavr/bin/../lib/gcc/avr/4.3.3/../../../../avr/lib/avr51\libm.a(log.o)
                0x0000fa66                log
 .text.avr-libc.fplib
                0x0000fae6       0x66 c:/archivos de programa/winavr/bin/../lib/gcc/avr/4.3.3/../../../../avr/lib/avr51\libm.a(modf.o)
                0x0000fae6                modff
                0x0000fae6                modf
 .text.avr-libc.fplib
                0x0000fb4c        0x4 c:/archivos de programa/winavr/bin/../lib/gcc/avr/4.3.3/../../../../avr/lib/avr51\libm.a(mulsf3.o)
                0x0000fb4c                __mulsf3
 .text.avr-libc.fplib
                0x0000fb50       0xc2 c:/archivos de programa/winavr/bin/../lib/gcc/avr/4.3.3/../../../../avr/lib/avr51\libm.a(mulsf3x.o)
                0x0000fb68                __mulsf3_pse
                0x0000fb64                __mulsf3x
 .text.avr-libc.fplib
                0x0000fc12       0x98 c:/archivos de programa/winavr/bin/../lib/gcc/avr/4.3.3/../../../../avr/lib/avr51\libm.a(pow.o)
                0x0000fc12                pow
 .text.avr-libc.fplib
                0x0000fcaa        0xc c:/archivos de programa/winavr/bin/../lib/gcc/avr/4.3.3/../../../../avr/lib/avr51\libm.a(sin.o)
                0x0000fcaa                sin
 .text.avr-libc.fplib
                0x0000fcb6       0x84 c:/archivos de programa/winavr/bin/../lib/gcc/avr/4.3.3/../../../../avr/lib/avr51\libm.a(sqrt.o)
                0x0000fcbe                sqrt
 .text.avr-libc.fplib
                0x0000fd3a        0x6 c:/archivos de programa/winavr/bin/../lib/gcc/avr/4.3.3/../../../../avr/lib/avr51\libm.a(square.o)
                0x0000fd3a                square
 .text.avr-libc.fplib
                0x0000fd40       0x1c c:/archivos de programa/winavr/bin/../lib/gcc/avr/4.3.3/../../../../avr/lib/avr51\libm.a(fp_mpack.o)
                0x0000fd44                __fp_mpack_finite
                0x0000fd40                __fp_mpack
 .text.avr-libc.fplib
                0x0000fd5c        0xe c:/archivos de programa/winavr/bin/../lib/gcc/avr/4.3.3/../../../../avr/lib/avr51\libm.a(fp_norm2.o)
                0x0000fd5c                __fp_norm2
 .text.avr-libc.fplib
                0x0000fd6a       0x22 c:/archivos de programa/winavr/bin/../lib/gcc/avr/4.3.3/../../../../avr/lib/avr51\libm.a(fp_powsodd.o)
                0x0000fd6a                __fp_powsodd
 .text.libgcc   0x0000fd8c       0x3e c:/archivos de programa/winavr/bin/../lib/gcc/avr/4.3.3/avr51\libgcc.a(_mulsi3.o)
                0x0000fd8c                __mulsi3
 .text.libgcc   0x0000fdca       0x18 c:/archivos de programa/winavr/bin/../lib/gcc/avr/4.3.3/avr51\libgcc.a(_udivmodqi4.o)
                0x0000fdca                __udivmodqi4
 .text.libgcc   0x0000fde2       0x28 c:/archivos de programa/winavr/bin/../lib/gcc/avr/4.3.3/avr51\libgcc.a(_udivmodhi4.o)
                0x0000fde2                __udivmodhi4
 .text.libgcc   0x0000fe0a       0x26 c:/archivos de programa/winavr/bin/../lib/gcc/avr/4.3.3/avr51\libgcc.a(_divmodhi4.o)
                0x0000fe0a                __divmodhi4
                0x0000fe0a                _div
 .text.libgcc   0x0000fe30       0x44 c:/archivos de programa/winavr/bin/../lib/gcc/avr/4.3.3/avr51\libgcc.a(_udivmodsi4.o)
                0x0000fe30                __udivmodsi4
 .text.libgcc   0x0000fe74       0x36 c:/archivos de programa/winavr/bin/../lib/gcc/avr/4.3.3/avr51\libgcc.a(_divmodsi4.o)
                0x0000fe74                __divmodsi4
 .text.libgcc   0x0000feaa        0xc c:/archivos de programa/winavr/bin/../lib/gcc/avr/4.3.3/avr51\libgcc.a(_tablejump.o)
                0x0000feae                __tablejump__
                0x0000feaa                __tablejump2__
 .text.avr-libc
                0x0000feb6      0x20a c:/archivos de programa/winavr/bin/../lib/gcc/avr/4.3.3/../../../../avr/lib/avr51\libc.a(malloc.o)
                0x0000feb6                malloc
                0x00010010                free
 .text.avr-libc
                0x000100c0       0xd6 c:/archivos de programa/winavr/bin/../lib/gcc/avr/4.3.3/../../../../avr/lib/avr51\libc.a(rand.o)
                0x00010170                rand_r
                0x00010176                rand
                0x00010180                srand
 .text.avr-libc
                0x00010196      0x1b8 c:/archivos de programa/winavr/bin/../lib/gcc/avr/4.3.3/../../../../avr/lib/avr51\libc.a(realloc.o)
                0x00010196                realloc
 .text.avr-libc
                0x0001034e       0x12 c:/archivos de programa/winavr/bin/../lib/gcc/avr/4.3.3/../../../../avr/lib/avr51\libc.a(memcpy.o)
                0x0001034e                memcpy
 .text.avr-libc
                0x00010360       0x16 c:/archivos de programa/winavr/bin/../lib/gcc/avr/4.3.3/../../../../avr/lib/avr51\libc.a(strcat.o)
                0x00010360                strcat
 .text.avr-libc
                0x00010376        0xe c:/archivos de programa/winavr/bin/../lib/gcc/avr/4.3.3/../../../../avr/lib/avr51\libc.a(strcpy.o)
                0x00010376                strcpy
 .text.avr-libc
                0x00010384       0x34 c:/archivos de programa/winavr/bin/../lib/gcc/avr/4.3.3/../../../../avr/lib/avr51\libc.a(strstr.o)
                0x00010384                strstr
 .text.avr-libc
                0x000103b8       0x42 c:/archivos de programa/winavr/bin/../lib/gcc/avr/4.3.3/../../../../avr/lib/avr51\libc.a(itoa.o)
                0x000103b8                itoa
 .text.avr-libc
                0x000103fa       0x20 c:/archivos de programa/winavr/bin/../lib/gcc/avr/4.3.3/../../../../avr/lib/avr51\libc.a(strrev.o)
                0x000103fa                strrev
                0x0001041a                . = ALIGN (0x2)
 *(.fini9)
 .fini9         0x0001041a        0x0 c:/archivos de programa/winavr/bin/../lib/gcc/avr/4.3.3/avr51\libgcc.a(_exit.o)
                0x0001041a                exit
                0x0001041a                _exit
 *(.fini9)
 *(.fini8)
 *(.fini8)
 *(.fini7)
 *(.fini7)
 *(.fini6)
 .fini6         0x0001041a       0x16 c:/archivos de programa/winavr/bin/../lib/gcc/avr/4.3.3/avr51\libgcc.a(_dtors.o)
                0x0001041a                __do_global_dtors
 *(.fini6)
 *(.fini5)
 *(.fini5)
 *(.fini4)
 *(.fini4)
 *(.fini3)
 *(.fini3)
 *(.fini2)
 *(.fini2)
 *(.fini1)
 *(.fini1)
 *(.fini0)
 .fini0         0x00010430        0x4 c:/archivos de programa/winavr/bin/../lib/gcc/avr/4.3.3/avr51\libgcc.a(_exit.o)
 *(.fini0)
                0x00010434                _etext = .

.data           0x00800200      0x3be load address 0x00010434
                0x00800200                PROVIDE (__data_start, .)
 *(.data)
 .data          0x00800200       0x17 src/cinematica/mov_bajo_nivel.o
 .data          0x00800217       0x53 src/comm_peripherals/bluetooth.o
 .data          0x0080026a      0x165 src/comm_peripherals/remote_control.o
 .data          0x008003cf        0x5 src/hardware_util/util.o
 .data          0x008003d4       0x1d src/main.o
 .data          0x008003f1        0x1 src/_arduino/WString.o
 .data          0x008003f2        0x6 c:/archivos de programa/winavr/bin/../lib/gcc/avr/4.3.3/../../../../avr/lib/avr51\libc.a(malloc.o)
                0x008003f4                __malloc_heap_start
                0x008003f6                __malloc_heap_end
                0x008003f2                __malloc_margin
 .data          0x008003f8        0x4 c:/archivos de programa/winavr/bin/../lib/gcc/avr/4.3.3/../../../../avr/lib/avr51\libc.a(rand.o)
 *(.data*)
 .data.sensor   0x008003fc        0x2 src/cinematica/mov_bajo_nivel.o
                0x008003fc                sensor
 .data._ZN6Cabeza6valuesE
                0x008003fe        0x8 src/comm_peripherals/cabeza.o
                0x008003fe                Cabeza::values
 .data.conducta
                0x00800406        0x4 src/conducta/conducta.o
                0x00800406                conducta
 .data.timer0_int_flag
                0x0080040a        0x1 src/hardware_util/hardware.o
                0x0080040a                timer0_int_flag
 *(.rodata)
 *(.rodata*)
 .rodata._ZZN6Events6searchEhiE3C.4
                0x0080040b        0xc src/cinematica/events.o
 .rodata._ZZN10Movimiento12goto_pos_refEvE4C.11
                0x00800417        0x6 src/cinematica/movimiento.o
 .rodata._ZZN10Movimiento12goto_pos_refEvE4C.10
                0x0080041d        0x8 src/cinematica/movimiento.o
 .rodata._ZZN10Movimiento5saltoEffE3C.7
                0x00800425        0xc src/cinematica/movimiento.o
 .rodata._ZZN10Movimiento8rotationEfffihE3C.3
                0x00800431        0xc src/cinematica/movimiento.o
 .rodata._ZZN10Movimiento11translationE7COORD3DihE3C.1
                0x0080043d        0xc src/cinematica/movimiento.o
 .rodata._ZZN10MovimientoC1EvE3C.0
                0x00800449        0xc src/cinematica/movimiento.o
 .rodata._ZZN10Movimiento7set_velEfE4C.10
                0x00800455        0x8 src/cinematica/movimiento2.o
 .rodata._ZZN10Movimiento10set_valuesEffb7COORD2DfhfE3C.3
                0x0080045d        0x3 src/cinematica/movimiento2.o
 .rodata._ZZN10Movimiento10set_valuesEffb7COORD2DfhfE3C.2
                0x00800460        0x6 src/cinematica/movimiento2.o
 .rodata._ZZN10Movimiento5rectaEfffhfE3C.0
                0x00800466        0x8 src/cinematica/movimiento2.o
 .rodata._ZL3ids
                0x0080046e       0x12 src/cinematica/mov_bajo_nivel.o
 .rodata._ZZN13RemoteControl9caminatasEhE4C.35
                0x00800480        0x8 src/comm_peripherals/remote_control.o
 .rodata._ZZN13RemoteControl9caminatasEhE4C.34
                0x00800488        0x8 src/comm_peripherals/remote_control.o
 .rodata._ZZN13RemoteControl16procesar_comandoEhE3C.8
                0x00800490        0x8 src/comm_peripherals/remote_control.o
 .rodata._ZZN13RemoteControl16procesar_comandoEhE3C.5
                0x00800498        0x8 src/comm_peripherals/remote_control.o
 .rodata._ZZN13RemoteControlC1EvE3C.0
                0x008004a0        0x8 src/comm_peripherals/remote_control.o
 .rodata._ZZN9EmpujonesC1EhE3C.2
                0x008004a8       0x4c src/conducta/conducta.o
 .rodata._ZZN9EmpujonesC1EhE3C.1
                0x008004f4       0x4c src/conducta/conducta.o
 .rodata._ZZN9EmpujonesC1EhE3C.0
                0x00800540       0x4c src/conducta/conducta.o
 .rodata._ZTV9ReactLoad
                0x0080058c        0xe src/conducta/conducta2.o
                0x0080058c                vtable for ReactLoad
 .rodata._ZTV9Empujones
                0x0080059a        0xe src/conducta/conducta2.o
                0x0080059a                vtable for Empujones
 .rodata._ZZN9ReactLoad8ejecutarEvE3C.6
                0x008005a8        0xc src/conducta/conducta2.o
 .rodata._ZTV14HardwareSerial
                0x008005b4        0xa src/_arduino/HardwareSerial.o
                0x008005b4                vtable for HardwareSerial
 *(.gnu.linkonce.d*)
                0x008005be                . = ALIGN (0x2)
                0x008005be                _edata = .
                0x008005be                PROVIDE (__data_end, .)

.bss            0x008005be      0xf15
                0x008005be                PROVIDE (__bss_start, .)
 *(.bss)
 *(.bss*)
 .bss._ZN4AX1212ax_rx_bufferE
                0x008005be       0x20 src/cinematica/ax12.o
                0x008005be                AX12::ax_rx_buffer
 .bss._ZN4AX1213ax_rx_PointerE
                0x008005de        0x1 src/cinematica/ax12.o
                0x008005de                AX12::ax_rx_Pointer
 .bss.eventos   0x008005df      0xa06 src/cinematica/events.o
                0x008005df                eventos
 .bss.mov       0x00800fe5      0x1ea src/cinematica/movimiento.o
                0x00800fe5                mov
 .bss._ZZN10Movimiento6updateEmE5timer
                0x008011cf        0x4 src/cinematica/movimiento2.o
 .bss.motors    0x008011d3       0x36 src/cinematica/mov_bajo_nivel.o
                0x008011d3                motors
 .bss.broadcast
                0x00801209        0x3 src/cinematica/mov_bajo_nivel.o
                0x00801209                broadcast
 .bss.ang_des   0x0080120c       0x24 src/cinematica/mov_bajo_nivel.o
                0x0080120c                ang_des
 .bss.dur_des   0x00801230       0x24 src/cinematica/mov_bajo_nivel.o
                0x00801230                dur_des
 .bss.pos_des   0x00801254       0x48 src/cinematica/mov_bajo_nivel.o
                0x00801254                pos_des
 .bss.load      0x0080129c       0x12 src/cinematica/mov_bajo_nivel.o
                0x0080129c                load
 .bss.sns_fuerza
                0x008012ae        0x2 src/cinematica/mov_bajo_nivel.o
                0x008012ae                sns_fuerza
 .bss.sns_angulo
                0x008012b0        0x2 src/cinematica/mov_bajo_nivel.o
                0x008012b0                sns_angulo
 .bss.idle      0x008012b2        0x2 src/cinematica/mov_bajo_nivel.o
                0x008012b2                idle
 .bss.buffer    0x008012b4       0x5a src/cinematica/mov_bajo_nivel.o
                0x008012b4                buffer
 .bss.filtro    0x0080130e       0x48 src/cinematica/mov_bajo_nivel.o
                0x0080130e                filtro
 .bss._ZZ18poll_analog_sensormE5index
                0x00801356        0x1 src/cinematica/mov_bajo_nivel.o
 .bss._ZZ18poll_analog_sensormE5timer
                0x00801357        0x4 src/cinematica/mov_bajo_nivel.o
 .bss._ZZ9poll_loadvE11motor_index
                0x0080135b        0x1 src/cinematica/mov_bajo_nivel.o
 .bss._ZZ12motor_updatevE7ang_act
                0x0080135c       0x24 src/cinematica/mov_bajo_nivel.o
 .bss.blue      0x00801380        0xe src/comm_peripherals/bluetooth.o
                0x00801380                blue
 .bss.kbza      0x0080138e        0xd src/comm_peripherals/cabeza.o
                0x0080138e                kbza
 .bss._ZN6Cabeza7cm_distE
                0x0080139b        0x1 src/comm_peripherals/cabeza.o
                0x0080139b                Cabeza::cm_dist
 .bss._ZN6Cabeza3velE
                0x0080139c        0x1 src/comm_peripherals/cabeza.o
                0x0080139c                Cabeza::vel
 .bss._ZN6Cabeza3latE
                0x0080139d        0x1 src/comm_peripherals/cabeza.o
                0x0080139d                Cabeza::lat
 .bss._ZN6Cabeza8evnt_velE
                0x0080139e        0x1 src/comm_peripherals/cabeza.o
                0x0080139e                Cabeza::evnt_vel
 .bss._ZN6Cabeza8evnt_latE
                0x0080139f        0x1 src/comm_peripherals/cabeza.o
                0x0080139f                Cabeza::evnt_lat
 .bss._ZN6Cabeza7mm_distE
                0x008013a0        0x2 src/comm_peripherals/cabeza.o
                0x008013a0                Cabeza::mm_dist
 .bss._ZN6Cabeza4flagE
                0x008013a2        0x1 src/comm_peripherals/cabeza.o
                0x008013a2                Cabeza::flag
 .bss.pantalla  0x008013a3        0xb src/comm_peripherals/display.o
                0x008013a3                pantalla
 .bss._ZZN7Display6updateEmE5timer
                0x008013ae        0x4 src/comm_peripherals/display.o
 .bss._ZZN7Display6updateEmE2sc
                0x008013b2        0x1 src/comm_peripherals/display.o
 .bss.rc        0x008013b3       0x37 src/comm_peripherals/remote_control.o
                0x008013b3                rc
 .bss._ZZN13RemoteControl11osciladoresEhE9parametro
                0x008013ea        0x1 src/comm_peripherals/remote_control.o
 .bss._ZZN13RemoteControl10editar_posEhE13edit_pos_modo
                0x008013eb        0x1 src/comm_peripherals/remote_control.o
 .bss._ZZN13RemoteControl9caminatasEhE8anguloso
                0x008013ec        0x4 src/comm_peripherals/remote_control.o
 .bss._ZN8Conducta6estadoE
                0x008013f0        0x1 src/conducta/conducta.o
                0x008013f0                Conducta::estado
 .bss.empujones
                0x008013f1        0xe src/conducta/conducta.o
                0x008013f1                empujones
 .bss.reactLoad
                0x008013ff        0x5 src/conducta/conducta.o
                0x008013ff                reactLoad
 .bss._ZZ13conducta_mainvE6actual
                0x00801404        0x1 src/conducta/conducta.o
 .bss._ZZN9ReactLoad7evaluarEvE5count
                0x00801405        0x1 src/conducta/conducta2.o
 .bss.timer0_overflow_count
                0x00801406        0x4 src/hardware_util/hardware.o
                0x00801406                timer0_overflow_count
 .bss.timer0_millis
                0x0080140a        0x4 src/hardware_util/hardware.o
                0x0080140a                timer0_millis
 .bss._ZL12timer0_fract
                0x0080140e        0x1 src/hardware_util/hardware.o
 .bss._ZZ14all_timers_offbE6timsk2
                0x0080140f        0x1 src/hardware_util/hardware.o
 .bss._ZZ14all_timers_offbE6timsk0
                0x00801410        0x1 src/hardware_util/hardware.o
 .bss.rx_buffer
                0x00801411       0x44 src/_arduino/HardwareSerial.o
                0x00801411                rx_buffer
 .bss.rx_buffer2
                0x00801455       0x44 src/_arduino/HardwareSerial.o
                0x00801455                rx_buffer2
 .bss.Serial    0x00801499       0x13 src/_arduino/HardwareSerial.o
                0x00801499                Serial
 .bss.Serial2   0x008014ac       0x13 src/_arduino/HardwareSerial.o
                0x008014ac                Serial2
 .bss.intFunc   0x008014bf       0x10 src/_arduino/WInterrupts.o
 *(COMMON)
 COMMON         0x008014cf        0x4 c:/archivos de programa/winavr/bin/../lib/gcc/avr/4.3.3/../../../../avr/lib/avr51\libc.a(malloc.o)
                0x008014cf                __brkval
                0x008014d1                __flp
                0x008014d3                PROVIDE (__bss_end, .)
                0x00010434                __data_load_start = LOADADDR (.data)
                0x000107f2                __data_load_end = (__data_load_start + SIZEOF (.data))

.noinit         0x008014d3        0x0
                0x008014d3                PROVIDE (__noinit_start, .)
 *(.noinit*)
                0x008014d3                PROVIDE (__noinit_end, .)
                0x008014d3                _end = .
                0x008014d3                PROVIDE (__heap_start, .)

.eeprom         0x00810000        0x0
 *(.eeprom*)
                0x00810000                __eeprom_end = .

.fuse
 *(.fuse)
 *(.lfuse)
 *(.hfuse)
 *(.efuse)

.lock
 *(.lock*)

.signature
 *(.signature*)

.stab
 *(.stab)

.stabstr
 *(.stabstr)

.stab.excl
 *(.stab.excl)

.stab.exclstr
 *(.stab.exclstr)

.stab.index
 *(.stab.index)

.stab.indexstr
 *(.stab.indexstr)

.comment
 *(.comment)

.debug
 *(.debug)

.line
 *(.line)

.debug_srcinfo
 *(.debug_srcinfo)

.debug_sfnames
 *(.debug_sfnames)

.debug_aranges  0x00000000      0xee0
 *(.debug_aranges)
 .debug_aranges
                0x00000000      0x168 src/cinematica/ax12.o
 .debug_aranges
                0x00000168       0x70 src/cinematica/events.o
 .debug_aranges
                0x000001d8       0xd8 src/cinematica/movimiento.o
 .debug_aranges
                0x000002b0       0xa8 src/cinematica/movimiento2.o
 .debug_aranges
                0x00000358       0x90 src/cinematica/mov_bajo_nivel.o
 .debug_aranges
                0x000003e8      0x120 src/cinematica/vectores.o
 .debug_aranges
                0x00000508       0x58 src/comm_peripherals/bluetooth.o
 .debug_aranges
                0x00000560       0x90 src/comm_peripherals/cabeza.o
 .debug_aranges
                0x000005f0      0x140 src/comm_peripherals/display.o
 .debug_aranges
                0x00000730       0x90 src/comm_peripherals/remote_control.o
 .debug_aranges
                0x000007c0       0x68 src/comm_peripherals/serialcomm.o
 .debug_aranges
                0x00000828       0x98 src/conducta/conducta.o
 .debug_aranges
                0x000008c0       0x68 src/conducta/conducta2.o
 .debug_aranges
                0x00000928       0x68 src/hardware_util/ann.o
 .debug_aranges
                0x00000990       0x80 src/hardware_util/hardware.o
 .debug_aranges
                0x00000a10       0x70 src/hardware_util/util.o
 .debug_aranges
                0x00000a80       0x20 src/main.o
 .debug_aranges
                0x00000aa0       0x78 src/_arduino/HardwareSerial.o
 .debug_aranges
                0x00000b18       0xd0 src/_arduino/Print.o
 .debug_aranges
                0x00000be8       0x68 src/_arduino/WInterrupts.o
 .debug_aranges
                0x00000c50       0x20 src/_arduino/wiring_analog.o
 .debug_aranges
                0x00000c70       0x38 src/_arduino/wiring_digital.o
 .debug_aranges
                0x00000ca8       0x20 src/_arduino/wiring_pulse.o
 .debug_aranges
                0x00000cc8       0x38 src/_arduino/wiring_shift.o
 .debug_aranges
                0x00000d00      0x1e0 src/_arduino/WString.o

.debug_pubnames
                0x00000000     0x2389
 *(.debug_pubnames)
 .debug_pubnames
                0x00000000      0x32a src/cinematica/ax12.o
 .debug_pubnames
                0x0000032a       0xe5 src/cinematica/events.o
 .debug_pubnames
                0x0000040f      0x27f src/cinematica/movimiento.o
 .debug_pubnames
                0x0000068e      0x1cb src/cinematica/movimiento2.o
 .debug_pubnames
                0x00000859      0x185 src/cinematica/mov_bajo_nivel.o
 .debug_pubnames
                0x000009de      0x1d8 src/cinematica/vectores.o
 .debug_pubnames
                0x00000bb6       0xca src/comm_peripherals/bluetooth.o
 .debug_pubnames
                0x00000c80      0x1ef src/comm_peripherals/cabeza.o
 .debug_pubnames
                0x00000e6f      0x332 src/comm_peripherals/display.o
 .debug_pubnames
                0x000011a1      0x182 src/comm_peripherals/remote_control.o
 .debug_pubnames
                0x00001323      0x127 src/comm_peripherals/serialcomm.o
 .debug_pubnames
                0x0000144a      0x191 src/conducta/conducta.o
 .debug_pubnames
                0x000015db       0xe9 src/conducta/conducta2.o
 .debug_pubnames
                0x000016c4       0xdc src/hardware_util/ann.o
 .debug_pubnames
                0x000017a0      0x115 src/hardware_util/hardware.o
 .debug_pubnames
                0x000018b5       0xa3 src/hardware_util/util.o
 .debug_pubnames
                0x00001958       0x1b src/main.o
 .debug_pubnames
                0x00001973      0x162 src/_arduino/HardwareSerial.o
 .debug_pubnames
                0x00001ad5       0xad src/_arduino/pins_arduino.o
 .debug_pubnames
                0x00001b82      0x1b8 src/_arduino/Print.o
 .debug_pubnames
                0x00001d3a       0xb2 src/_arduino/WInterrupts.o
 .debug_pubnames
                0x00001dec       0x22 src/_arduino/wiring_analog.o
 .debug_pubnames
                0x00001e0e       0x3f src/_arduino/wiring_digital.o
 .debug_pubnames
                0x00001e4d       0x1e src/_arduino/wiring_pulse.o
 .debug_pubnames
                0x00001e6b       0x5a src/_arduino/wiring_shift.o
 .debug_pubnames
                0x00001ec5      0x4c4 src/_arduino/WString.o

.debug_info     0x00000000    0x162fb
 *(.debug_info)
 .debug_info    0x00000000     0x1358 src/cinematica/ax12.o
 .debug_info    0x00001358      0x748 src/cinematica/events.o
 .debug_info    0x00001aa0     0x158a src/cinematica/movimiento.o
 .debug_info    0x0000302a     0x13f6 src/cinematica/movimiento2.o
 .debug_info    0x00004420     0x1d3f src/cinematica/mov_bajo_nivel.o
 .debug_info    0x0000615f      0xd8f src/cinematica/vectores.o
 .debug_info    0x00006eee      0xe05 src/comm_peripherals/bluetooth.o
 .debug_info    0x00007cf3     0x12c9 src/comm_peripherals/cabeza.o
 .debug_info    0x00008fbc      0xfc3 src/comm_peripherals/display.o
 .debug_info    0x00009f7f     0x1cf1 src/comm_peripherals/remote_control.o
 .debug_info    0x0000bc70      0x54d src/comm_peripherals/serialcomm.o
 .debug_info    0x0000c1bd      0xc6e src/conducta/conducta.o
 .debug_info    0x0000ce2b     0x1615 src/conducta/conducta2.o
 .debug_info    0x0000e440      0x5a4 src/hardware_util/ann.o
 .debug_info    0x0000e9e4     0x19c2 src/hardware_util/hardware.o
 .debug_info    0x000103a6      0xa7c src/hardware_util/util.o
 .debug_info    0x00010e22     0x154c src/main.o
 .debug_info    0x0001236e      0x8b1 src/_arduino/HardwareSerial.o
 .debug_info    0x00012c1f      0x15c src/_arduino/pins_arduino.o
 .debug_info    0x00012d7b     0x129b src/_arduino/Print.o
 .debug_info    0x00014016      0x1c5 src/_arduino/WInterrupts.o
 .debug_info    0x000141db      0x12a src/_arduino/wiring_analog.o
 .debug_info    0x00014305      0x4a1 src/_arduino/wiring_digital.o
 .debug_info    0x000147a6      0x26a src/_arduino/wiring_pulse.o
 .debug_info    0x00014a10      0x1e9 src/_arduino/wiring_shift.o
 .debug_info    0x00014bf9     0x1702 src/_arduino/WString.o
 *(.gnu.linkonce.wi.*)

.debug_abbrev   0x00000000     0x3e46
 *(.debug_abbrev)
 .debug_abbrev  0x00000000      0x39c src/cinematica/ax12.o
 .debug_abbrev  0x0000039c      0x2ff src/cinematica/events.o
 .debug_abbrev  0x0000069b      0x2d4 src/cinematica/movimiento.o
 .debug_abbrev  0x0000096f      0x2cb src/cinematica/movimiento2.o
 .debug_abbrev  0x00000c3a      0x49a src/cinematica/mov_bajo_nivel.o
 .debug_abbrev  0x000010d4      0x1fa src/cinematica/vectores.o
 .debug_abbrev  0x000012ce      0x2c6 src/comm_peripherals/bluetooth.o
 .debug_abbrev  0x00001594      0x2d3 src/comm_peripherals/cabeza.o
 .debug_abbrev  0x00001867      0x29e src/comm_peripherals/display.o
 .debug_abbrev  0x00001b05      0x367 src/comm_peripherals/remote_control.o
 .debug_abbrev  0x00001e6c      0x17a src/comm_peripherals/serialcomm.o
 .debug_abbrev  0x00001fe6      0x37b src/conducta/conducta.o
 .debug_abbrev  0x00002361      0x381 src/conducta/conducta2.o
 .debug_abbrev  0x000026e2      0x1ce src/hardware_util/ann.o
 .debug_abbrev  0x000028b0      0x460 src/hardware_util/hardware.o
 .debug_abbrev  0x00002d10      0x19c src/hardware_util/util.o
 .debug_abbrev  0x00002eac      0x27e src/main.o
 .debug_abbrev  0x0000312a      0x2ec src/_arduino/HardwareSerial.o
 .debug_abbrev  0x00003416       0x99 src/_arduino/pins_arduino.o
 .debug_abbrev  0x000034af      0x26b src/_arduino/Print.o
 .debug_abbrev  0x0000371a       0xc4 src/_arduino/WInterrupts.o
 .debug_abbrev  0x000037de       0xd1 src/_arduino/wiring_analog.o
 .debug_abbrev  0x000038af      0x154 src/_arduino/wiring_digital.o
 .debug_abbrev  0x00003a03       0xfa src/_arduino/wiring_pulse.o
 .debug_abbrev  0x00003afd       0xba src/_arduino/wiring_shift.o
 .debug_abbrev  0x00003bb7      0x28f src/_arduino/WString.o

.debug_line     0x00000000     0x8780
 *(.debug_line)
 .debug_line    0x00000000      0xbfa src/cinematica/ax12.o
 .debug_line    0x00000bfa      0x447 src/cinematica/events.o
 .debug_line    0x00001041      0x68c src/cinematica/movimiento.o
 .debug_line    0x000016cd      0x86b src/cinematica/movimiento2.o
 .debug_line    0x00001f38      0x72a src/cinematica/mov_bajo_nivel.o
 .debug_line    0x00002662      0x7c3 src/cinematica/vectores.o
 .debug_line    0x00002e25      0x408 src/comm_peripherals/bluetooth.o
 .debug_line    0x0000322d      0x43a src/comm_peripherals/cabeza.o
 .debug_line    0x00003667      0x727 src/comm_peripherals/display.o
 .debug_line    0x00003d8e      0xe6f src/comm_peripherals/remote_control.o
 .debug_line    0x00004bfd      0x301 src/comm_peripherals/serialcomm.o
 .debug_line    0x00004efe      0x511 src/conducta/conducta.o
 .debug_line    0x0000540f      0x406 src/conducta/conducta2.o
 .debug_line    0x00005815      0x2aa src/hardware_util/ann.o
 .debug_line    0x00005abf      0x5eb src/hardware_util/hardware.o
 .debug_line    0x000060aa      0x27f src/hardware_util/util.o
 .debug_line    0x00006329      0x228 src/main.o
 .debug_line    0x00006551      0x4d7 src/_arduino/HardwareSerial.o
 .debug_line    0x00006a28       0xb7 src/_arduino/pins_arduino.o
 .debug_line    0x00006adf      0x58d src/_arduino/Print.o
 .debug_line    0x0000706c      0x314 src/_arduino/WInterrupts.o
 .debug_line    0x00007380      0x1fa src/_arduino/wiring_analog.o
 .debug_line    0x0000757a      0x299 src/_arduino/wiring_digital.o
 .debug_line    0x00007813      0x141 src/_arduino/wiring_pulse.o
 .debug_line    0x00007954      0x20d src/_arduino/wiring_shift.o
 .debug_line    0x00007b61      0xc1f src/_arduino/WString.o

.debug_frame    0x00000000     0x1aa0
 *(.debug_frame)
 .debug_frame   0x00000000      0x2b0 src/cinematica/ax12.o
 .debug_frame   0x000002b0       0xc0 src/cinematica/events.o
 .debug_frame   0x00000370      0x190 src/cinematica/movimiento.o
 .debug_frame   0x00000500      0x130 src/cinematica/movimiento2.o
 .debug_frame   0x00000630      0x100 src/cinematica/mov_bajo_nivel.o
 .debug_frame   0x00000730      0x220 src/cinematica/vectores.o
 .debug_frame   0x00000950       0x90 src/comm_peripherals/bluetooth.o
 .debug_frame   0x000009e0      0x100 src/comm_peripherals/cabeza.o
 .debug_frame   0x00000ae0      0x260 src/comm_peripherals/display.o
 .debug_frame   0x00000d40      0x100 src/comm_peripherals/remote_control.o
 .debug_frame   0x00000e40       0xb0 src/comm_peripherals/serialcomm.o
 .debug_frame   0x00000ef0      0x110 src/conducta/conducta.o
 .debug_frame   0x00001000       0xb0 src/conducta/conducta2.o
 .debug_frame   0x000010b0       0xb0 src/hardware_util/ann.o
 .debug_frame   0x00001160       0xe0 src/hardware_util/hardware.o
 .debug_frame   0x00001240       0xc0 src/hardware_util/util.o
 .debug_frame   0x00001300       0x20 src/main.o
 .debug_frame   0x00001320       0xd0 src/_arduino/HardwareSerial.o
 .debug_frame   0x000013f0      0x180 src/_arduino/Print.o
 .debug_frame   0x00001570       0xb0 src/_arduino/WInterrupts.o
 .debug_frame   0x00001620       0x20 src/_arduino/wiring_analog.o
 .debug_frame   0x00001640       0x50 src/_arduino/wiring_digital.o
 .debug_frame   0x00001690       0x20 src/_arduino/wiring_pulse.o
 .debug_frame   0x000016b0       0x50 src/_arduino/wiring_shift.o
 .debug_frame   0x00001700      0x3a0 src/_arduino/WString.o

.debug_str      0x00000000     0x39ea
 *(.debug_str)
 .debug_str     0x00000000      0x5f5 src/cinematica/ax12.o
                                0x670 (size before relaxing)
 .debug_str     0x000005f5      0x1e3 src/cinematica/events.o
                                0x30c (size before relaxing)
 .debug_str     0x000007d8      0x84b src/cinematica/movimiento.o
                                0xb52 (size before relaxing)
 .debug_str     0x00001023       0x65 src/cinematica/movimiento2.o
                                0xa84 (size before relaxing)
 .debug_str     0x00001088      0xc4d src/cinematica/mov_bajo_nivel.o
                               0x1272 (size before relaxing)
 .debug_str     0x00001cd5      0x394 src/cinematica/vectores.o
                                0x557 (size before relaxing)
 .debug_str     0x00002069      0x29e src/comm_peripherals/bluetooth.o
                                0x95d (size before relaxing)
 .debug_str     0x00002307      0x502 src/comm_peripherals/cabeza.o
                                0xe04 (size before relaxing)
 .debug_str     0x00002809      0x169 src/comm_peripherals/display.o
                                0x756 (size before relaxing)
 .debug_str     0x00002972      0x168 src/comm_peripherals/remote_control.o
                               0x1638 (size before relaxing)
 .debug_str     0x00002ada       0x6d src/comm_peripherals/serialcomm.o
                                0x29e (size before relaxing)
 .debug_str     0x00002b47      0x1da src/conducta/conducta.o
                                0x7be (size before relaxing)
 .debug_str     0x00002d21      0x1d7 src/conducta/conducta2.o
                                0xfd7 (size before relaxing)
 .debug_str     0x00002ef8       0x71 src/hardware_util/ann.o
                                0x207 (size before relaxing)
 .debug_str     0x00002f69      0x17f src/hardware_util/hardware.o
                               0x1489 (size before relaxing)
 .debug_str     0x000030e8      0x15d src/hardware_util/util.o
                                0x7a6 (size before relaxing)
 .debug_str     0x00003245       0x10 src/main.o
                               0x1294 (size before relaxing)
 .debug_str     0x00003255      0x1d0 src/_arduino/HardwareSerial.o
                                0x35e (size before relaxing)
 .debug_str     0x00003425       0xae src/_arduino/pins_arduino.o
                                0x16d (size before relaxing)
 .debug_str     0x000034d3      0x260 src/_arduino/Print.o
                                0x86c (size before relaxing)
 .debug_str     0x00003733       0xc0 src/_arduino/WInterrupts.o
                                0x182 (size before relaxing)
 .debug_str     0x000037f3       0x3e src/_arduino/wiring_analog.o
                                0x122 (size before relaxing)
 .debug_str     0x00003831       0x4d src/_arduino/wiring_digital.o
                                0x1c5 (size before relaxing)
 .debug_str     0x0000387e       0x4f src/_arduino/wiring_pulse.o
                                0x17f (size before relaxing)
 .debug_str     0x000038cd       0x71 src/_arduino/wiring_shift.o
                                0x12f (size before relaxing)
 .debug_str     0x0000393e       0xac src/_arduino/WString.o
                                0x68b (size before relaxing)

.debug_loc      0x00000000     0x88da
 *(.debug_loc)
 .debug_loc     0x00000000      0xe97 src/cinematica/ax12.o
 .debug_loc     0x00000e97      0x3e2 src/cinematica/events.o
 .debug_loc     0x00001279      0xaa1 src/cinematica/movimiento.o
 .debug_loc     0x00001d1a      0xb3b src/cinematica/movimiento2.o
 .debug_loc     0x00002855      0x262 src/cinematica/mov_bajo_nivel.o
 .debug_loc     0x00002ab7      0x7cf src/cinematica/vectores.o
 .debug_loc     0x00003286      0x27c src/comm_peripherals/bluetooth.o
 .debug_loc     0x00003502      0x399 src/comm_peripherals/cabeza.o
 .debug_loc     0x0000389b      0xa50 src/comm_peripherals/display.o
 .debug_loc     0x000042eb      0x76f src/comm_peripherals/remote_control.o
 .debug_loc     0x00004a5a      0x3d3 src/comm_peripherals/serialcomm.o
 .debug_loc     0x00004e2d      0x24f src/conducta/conducta.o
 .debug_loc     0x0000507c      0x23e src/conducta/conducta2.o
 .debug_loc     0x000052ba      0x48e src/hardware_util/ann.o
 .debug_loc     0x00005748      0x182 src/hardware_util/hardware.o
 .debug_loc     0x000058ca      0x3f6 src/hardware_util/util.o
 .debug_loc     0x00005cc0       0x13 src/main.o
 .debug_loc     0x00005cd3      0x377 src/_arduino/HardwareSerial.o
 .debug_loc     0x0000604a      0xb37 src/_arduino/Print.o
 .debug_loc     0x00006b81       0x93 src/_arduino/WInterrupts.o
 .debug_loc     0x00006c14      0x139 src/_arduino/wiring_analog.o
 .debug_loc     0x00006d4d      0x214 src/_arduino/wiring_digital.o
 .debug_loc     0x00006f61      0x258 src/_arduino/wiring_pulse.o
 .debug_loc     0x000071b9      0x1ea src/_arduino/wiring_shift.o
 .debug_loc     0x000073a3     0x1537 src/_arduino/WString.o

.debug_macinfo
 *(.debug_macinfo)
OUTPUT(SAMSA II v9.elf elf32-avr)
LOAD linker stubs

.debug_ranges   0x00000000      0xf50
 .debug_ranges  0x00000000      0x178 src/cinematica/ax12.o
 .debug_ranges  0x00000178       0x98 src/cinematica/events.o
 .debug_ranges  0x00000210       0xd0 src/cinematica/movimiento.o
 .debug_ranges  0x000002e0      0x100 src/cinematica/movimiento2.o
 .debug_ranges  0x000003e0       0xb8 src/cinematica/mov_bajo_nivel.o
 .debug_ranges  0x00000498      0x130 src/cinematica/vectores.o
 .debug_ranges  0x000005c8       0x80 src/comm_peripherals/bluetooth.o
 .debug_ranges  0x00000648       0x88 src/comm_peripherals/cabeza.o
 .debug_ranges  0x000006d0      0x138 src/comm_peripherals/display.o
 .debug_ranges  0x00000808       0x88 src/comm_peripherals/remote_control.o
 .debug_ranges  0x00000890       0x60 src/comm_peripherals/serialcomm.o
 .debug_ranges  0x000008f0       0x90 src/conducta/conducta.o
 .debug_ranges  0x00000980       0x78 src/conducta/conducta2.o
 .debug_ranges  0x000009f8       0x60 src/hardware_util/ann.o
 .debug_ranges  0x00000a58       0x78 src/hardware_util/hardware.o
 .debug_ranges  0x00000ad0       0x68 src/hardware_util/util.o
 .debug_ranges  0x00000b38       0x18 src/main.o
 .debug_ranges  0x00000b50       0x70 src/_arduino/HardwareSerial.o
 .debug_ranges  0x00000bc0       0xc8 src/_arduino/Print.o
 .debug_ranges  0x00000c88       0x60 src/_arduino/WInterrupts.o
 .debug_ranges  0x00000ce8       0x18 src/_arduino/wiring_analog.o
 .debug_ranges  0x00000d00       0x30 src/_arduino/wiring_digital.o
 .debug_ranges  0x00000d30       0x18 src/_arduino/wiring_pulse.o
 .debug_ranges  0x00000d48       0x30 src/_arduino/wiring_shift.o
 .debug_ranges  0x00000d78      0x1d8 src/_arduino/WString.o
