Archive member included because of file (symbol)

c:/archivos de programa/winavr/bin/../lib/gcc/avr/4.3.3/../../../../avr/lib/avr51\libm.a(acos.o)
                              mov_bajo_nivel.o (acos)
c:/archivos de programa/winavr/bin/../lib/gcc/avr/4.3.3/../../../../avr/lib/avr51\libm.a(addsf3.o)
                              util.o (__subsf3)
c:/archivos de programa/winavr/bin/../lib/gcc/avr/4.3.3/../../../../avr/lib/avr51\libm.a(addsf3x.o)
                              c:/archivos de programa/winavr/bin/../lib/gcc/avr/4.3.3/../../../../avr/lib/avr51\libm.a(acos.o) (__addsf3x)
c:/archivos de programa/winavr/bin/../lib/gcc/avr/4.3.3/../../../../avr/lib/avr51\libm.a(atan2.o)
                              movimiento2.o (atan2)
c:/archivos de programa/winavr/bin/../lib/gcc/avr/4.3.3/../../../../avr/lib/avr51\libm.a(atan.o)
                              mov_bajo_nivel.o (atan)
c:/archivos de programa/winavr/bin/../lib/gcc/avr/4.3.3/../../../../avr/lib/avr51\libm.a(cmpsf2.o)
                              util.o (__eqsf2)
c:/archivos de programa/winavr/bin/../lib/gcc/avr/4.3.3/../../../../avr/lib/avr51\libm.a(cos.o)
                              mov_bajo_nivel.o (cos)
c:/archivos de programa/winavr/bin/../lib/gcc/avr/4.3.3/../../../../avr/lib/avr51\libm.a(divsf3.o)
                              movimiento.o (__divsf3)
c:/archivos de programa/winavr/bin/../lib/gcc/avr/4.3.3/../../../../avr/lib/avr51\libm.a(divsf3x.o)
                              c:/archivos de programa/winavr/bin/../lib/gcc/avr/4.3.3/../../../../avr/lib/avr51\libm.a(divsf3.o) (__divsf3x)
c:/archivos de programa/winavr/bin/../lib/gcc/avr/4.3.3/../../../../avr/lib/avr51\libm.a(exp.o)
                              util.o (exp)
c:/archivos de programa/winavr/bin/../lib/gcc/avr/4.3.3/../../../../avr/lib/avr51\libm.a(fixsfsi.o)
                              movimiento.o (__fixsfsi)
c:/archivos de programa/winavr/bin/../lib/gcc/avr/4.3.3/../../../../avr/lib/avr51\libm.a(fixunssfsi.o)
                              movimiento.o (__fixunssfsi)
c:/archivos de programa/winavr/bin/../lib/gcc/avr/4.3.3/../../../../avr/lib/avr51\libm.a(floatsisf.o)
                              Print.o (__floatunsisf)
c:/archivos de programa/winavr/bin/../lib/gcc/avr/4.3.3/../../../../avr/lib/avr51\libm.a(fp_arccos.o)
                              c:/archivos de programa/winavr/bin/../lib/gcc/avr/4.3.3/../../../../avr/lib/avr51\libm.a(acos.o) (__fp_arccos)
c:/archivos de programa/winavr/bin/../lib/gcc/avr/4.3.3/../../../../avr/lib/avr51\libm.a(fp_cmp.o)
                              c:/archivos de programa/winavr/bin/../lib/gcc/avr/4.3.3/../../../../avr/lib/avr51\libm.a(cmpsf2.o) (__fp_cmp)
c:/archivos de programa/winavr/bin/../lib/gcc/avr/4.3.3/../../../../avr/lib/avr51\libm.a(fp_inf.o)
                              c:/archivos de programa/winavr/bin/../lib/gcc/avr/4.3.3/../../../../avr/lib/avr51\libm.a(addsf3x.o) (__fp_inf)
c:/archivos de programa/winavr/bin/../lib/gcc/avr/4.3.3/../../../../avr/lib/avr51\libm.a(fp_nan.o)
                              c:/archivos de programa/winavr/bin/../lib/gcc/avr/4.3.3/../../../../avr/lib/avr51\libm.a(addsf3x.o) (__fp_nan)
c:/archivos de programa/winavr/bin/../lib/gcc/avr/4.3.3/../../../../avr/lib/avr51\libm.a(fp_powser.o)
                              c:/archivos de programa/winavr/bin/../lib/gcc/avr/4.3.3/../../../../avr/lib/avr51\libm.a(atan.o) (__fp_powser)
c:/archivos de programa/winavr/bin/../lib/gcc/avr/4.3.3/../../../../avr/lib/avr51\libm.a(fp_pscA.o)
                              c:/archivos de programa/winavr/bin/../lib/gcc/avr/4.3.3/../../../../avr/lib/avr51\libm.a(addsf3x.o) (__fp_pscA)
c:/archivos de programa/winavr/bin/../lib/gcc/avr/4.3.3/../../../../avr/lib/avr51\libm.a(fp_pscB.o)
                              c:/archivos de programa/winavr/bin/../lib/gcc/avr/4.3.3/../../../../avr/lib/avr51\libm.a(addsf3x.o) (__fp_pscB)
c:/archivos de programa/winavr/bin/../lib/gcc/avr/4.3.3/../../../../avr/lib/avr51\libm.a(fp_rempio2.o)
                              c:/archivos de programa/winavr/bin/../lib/gcc/avr/4.3.3/../../../../avr/lib/avr51\libm.a(cos.o) (__fp_rempio2)
c:/archivos de programa/winavr/bin/../lib/gcc/avr/4.3.3/../../../../avr/lib/avr51\libm.a(fp_round.o)
                              c:/archivos de programa/winavr/bin/../lib/gcc/avr/4.3.3/../../../../avr/lib/avr51\libm.a(acos.o) (__fp_round)
c:/archivos de programa/winavr/bin/../lib/gcc/avr/4.3.3/../../../../avr/lib/avr51\libm.a(fp_sinus.o)
                              c:/archivos de programa/winavr/bin/../lib/gcc/avr/4.3.3/../../../../avr/lib/avr51\libm.a(cos.o) (__fp_sinus)
c:/archivos de programa/winavr/bin/../lib/gcc/avr/4.3.3/../../../../avr/lib/avr51\libm.a(fp_split3.o)
                              c:/archivos de programa/winavr/bin/../lib/gcc/avr/4.3.3/../../../../avr/lib/avr51\libm.a(addsf3x.o) (__fp_split3)
c:/archivos de programa/winavr/bin/../lib/gcc/avr/4.3.3/../../../../avr/lib/avr51\libm.a(fp_zero.o)
[...]
Memory Configuration

Name             Origin             Length             Attributes
text             0x00000000         0x00020000         xr
data             0x00800060         0x0000ffa0         rw !x
eeprom           0x00810000         0x00010000         rw !x
fuse             0x00820000         0x00000400         rw !x
lock             0x00830000         0x00000400         rw !x
signature        0x00840000         0x00000400         rw !x
*default*        0x00000000         0xffffffff

Linker script and memory map

Address of section .data set to 0x800200
LOAD c:/archivos de programa/winavr/bin/../lib/gcc/avr/4.3.3/../../../../avr/lib/avr51/crtm1280.o
LOAD libv8.2.a
LOAD serialcomm.o
LOAD wiring_digital.o
LOAD movimiento.o
LOAD cabeza.o
LOAD util.o
LOAD Print.o
LOAD bluetooth.o
LOAD mov_bajo_nivel.o
LOAD pins_arduino.o
LOAD movimiento2.o
LOAD wiring_analog.o
LOAD ax12.o
LOAD hardware.o
LOAD dsp.o
LOAD WString.o
LOAD display.o
LOAD remote_control.o
LOAD events.o
LOAD vectores.o
LOAD HardwareSerial.o
LOAD main.o
LOAD WInterrupts.o
LOAD conducta.o
LOAD ann.o
LOAD c:/archivos de programa/winavr/bin/../lib/gcc/avr/4.3.3/../../../../avr/lib/avr51\libm.a
LOAD c:/archivos de programa/winavr/bin/../lib/gcc/avr/4.3.3/../../../../avr/lib/avr51\libc.a
LOAD c:/archivos de programa/winavr/bin/../lib/gcc/avr/4.3.3/avr51\libgcc.a
LOAD c:/archivos de programa/winavr/bin/../lib/gcc/avr/4.3.3/../../../../avr/lib/avr51\libc.a
LOAD c:/archivos de programa/winavr/bin/../lib/gcc/avr/4.3.3/avr51\libgcc.a

.hash
 *(.hash)

.dynsym
 *(.dynsym)

.dynstr
 *(.dynstr)

.gnu.version
 *(.gnu.version)

.gnu.version_d
 *(.gnu.version_d)

.gnu.version_r
 *(.gnu.version_r)

.rel.init
 *(.rel.init)

.rela.init
 *(.rela.init)

.rel.text
 *(.rel.text)
 *(.rel.text.*)
 *(.rel.gnu.linkonce.t*)

.rela.text
 *(.rela.text)
 *(.rela.text.*)
 *(.rela.gnu.linkonce.t*)

.rel.fini
 *(.rel.fini)

.rela.fini
 *(.rela.fini)

.rel.rodata
 *(.rel.rodata)
 *(.rel.rodata.*)
 *(.rel.gnu.linkonce.r*)

.rela.rodata
 *(.rela.rodata)
 *(.rela.rodata.*)
 *(.rela.gnu.linkonce.r*)

.rel.data
 *(.rel.data)
 *(.rel.data.*)
 *(.rel.gnu.linkonce.d*)

.rela.data
 *(.rela.data)
 *(.rela.data.*)
 *(.rela.gnu.linkonce.d*)

.rel.ctors
 *(.rel.ctors)

.rela.ctors
 *(.rela.ctors)

.rel.dtors
 *(.rel.dtors)

.rela.dtors
 *(.rela.dtors)

.rel.got
 *(.rel.got)

.rela.got
 *(.rela.got)

.rel.bss
 *(.rel.bss)

.rela.bss
 *(.rela.bss)

.rel.plt
 *(.rel.plt)

.rela.plt
 *(.rela.plt)

.text           0x00000000    0x10226
 *(.vectors)
 .vectors       0x00000000       0xe4 c:/archivos de programa/winavr/bin/../lib/gcc/avr/4.3.3/../../../../avr/lib/avr51/crtm1280.o
                0x00000000                __vectors
                0x00000000                __vector_default
 *(.vectors)
 *(.progmem.gcc*)
 .progmem.gcc_sw_table
                0x000000e4       0xbe ax12.o
 .progmem.gcc_sw_table
                0x000001a2      0x17a display.o
 .progmem.gcc_fplib
                0x0000031c       0x2d c:/archivos de programa/winavr/bin/../lib/gcc/avr/4.3.3/../../../../avr/lib/avr51\libm.a(atan.o)
 .progmem.gcc_fplib
                0x00000349       0x28 c:/archivos de programa/winavr/bin/../lib/gcc/avr/4.3.3/../../../../avr/lib/avr51\libm.a(exp.o)
 .progmem.gcc_fplib
                0x00000371       0x28 c:/archivos de programa/winavr/bin/../lib/gcc/avr/4.3.3/../../../../avr/lib/avr51\libm.a(fp_arccos.o)
 .progmem.gcc_fplib
                0x00000399       0x1e c:/archivos de programa/winavr/bin/../lib/gcc/avr/4.3.3/../../../../avr/lib/avr51\libm.a(fp_sinus.o)
 *(.progmem*)
 .progmem.data  0x000003b7      0x120 pins_arduino.o
                0x000003b7                port_to_mode_PGM
                0x00000405                digital_pin_to_port_PGM
                0x0000044b                digital_pin_to_bit_mask_PGM
                0x000003d1                port_to_output_PGM
                0x000003eb                port_to_input_PGM
                0x00000491                digital_pin_to_timer_PGM
                0x000004d8                . = ALIGN (0x2)
 *fill*         0x000004d7        0x1 00
                0x000004d8                __trampolines_start = .
 *(.trampolines)
 .trampolines   0x000004d8        0x0 linker stubs
 *(.trampolines*)
                0x000004d8                __trampolines_end = .
 *(.jumptables)
 *(.jumptables*)
 *(.lowtext)
 *(.lowtext*)
                0x000004d8                __ctors_start = .
 *(.ctors)
 .ctors         0x000004d8        0x2 movimiento.o
 .ctors         0x000004da        0x2 cabeza.o
 .ctors         0x000004dc        0x2 bluetooth.o
 .ctors         0x000004de        0x2 mov_bajo_nivel.o
 .ctors         0x000004e0        0x2 dsp.o
 .ctors         0x000004e2        0x2 display.o
 .ctors         0x000004e4        0x2 remote_control.o
 .ctors         0x000004e6        0x2 events.o
 .ctors         0x000004e8        0x2 HardwareSerial.o
 .ctors         0x000004ea        0x2 conducta.o
                0x000004ec                __ctors_end = .
                0x000004ec                __dtors_start = .
 *(.dtors)
 .dtors         0x000004ec        0x2 remote_control.o
                0x000004ee                __dtors_end = .
 SORT(*)(.ctors)
 SORT(*)(.dtors)
 *(.init0)
 .init0         0x000004ee        0x0 c:/archivos de programa/winavr/bin/../lib/gcc/avr/4.3.3/../../../../avr/lib/avr51/crtm1280.o
                0x000004ee                __init
 *(.init0)
 *(.init1)
 *(.init1)
 *(.init2)
 .init2         0x000004ee        0xc c:/archivos de programa/winavr/bin/../lib/gcc/avr/4.3.3/../../../../avr/lib/avr51/crtm1280.o
 *(.init2)
 *(.init3)
 *(.init3)
 *(.init4)
 .init4         0x000004fa       0x1a c:/archivos de programa/winavr/bin/../lib/gcc/avr/4.3.3/../../../../avr/lib/avr51/crtm1280.o
                0x000004fa                __do_copy_data
 .init4         0x00000514       0x10 c:/archivos de programa/winavr/bin/../lib/gcc/avr/4.3.3/avr51\libgcc.a(_clear_bss.o)
                0x00000514                __do_clear_bss
 *(.init4)
 *(.init5)
 *(.init5)
 *(.init6)
 .init6         0x00000524       0x16 c:/archivos de programa/winavr/bin/../lib/gcc/avr/4.3.3/avr51\libgcc.a(_ctors.o)
                0x00000524                __do_global_ctors
 *(.init6)
 *(.init7)
 *(.init7)
 *(.init8)
 *(.init8)
 *(.init9)
 .init9         0x0000053a        0x8 c:/archivos de programa/winavr/bin/../lib/gcc/avr/4.3.3/../../../../avr/lib/avr51/crtm1280.o
 *(.init9)
 *(.text)
 .text          0x00000542        0x4 c:/archivos de programa/winavr/bin/../lib/gcc/avr/4.3.3/../../../../avr/lib/avr51/crtm1280.o
                0x00000542                __vector_38
                0x00000542                __vector_22
                0x00000542                __vector_28
                0x00000542                __vector_32
                0x00000542                __vector_34
                0x00000542                __vector_24
                0x00000542                __vector_12
                0x00000542                __vector_55
                0x00000542                __vector_46
                0x00000542                __bad_interrupt
                0x00000542                __vector_31
                0x00000542                __vector_35
                0x00000542                __vector_39
                0x00000542                __vector_30
                0x00000542                __vector_45
                0x00000542                __vector_11
                0x00000542                __vector_13
                0x00000542                __vector_17
                0x00000542                __vector_19
                0x00000542                __vector_56
                0x00000542                __vector_49
                0x00000542                __vector_41
                0x00000542                __vector_43
                0x00000542                __vector_27
                0x00000542                __vector_33
                0x00000542                __vector_47
                0x00000542                __vector_52
                0x00000542                __vector_37
                0x00000542                __vector_44
                0x00000542                __vector_9
                0x00000542                __vector_21
                0x00000542                __vector_29
                0x00000542                __vector_40
                0x00000542                __vector_26
                0x00000542                __vector_48
                0x00000542                __vector_14
                0x00000542                __vector_53
                0x00000542                __vector_10
                0x00000542                __vector_50
                0x00000542                __vector_16
                0x00000542                __vector_18
                0x00000542                __vector_20
                0x00000542                __vector_42
                0x00000546                . = ALIGN (0x2)
 *(.text.*)
 .text._ZN10SerialcommC1Ev
                0x00000546        0x2 serialcomm.o
                0x00000546                Serialcomm::Serialcomm()
 .text._ZN10Serialcomm8send_msgEhhPh
                0x00000548       0x6c serialcomm.o
                0x00000548                Serialcomm::send_msg(unsigned char, unsigned char, unsigned char*)
 .text._ZN10Serialcomm9read_byteEv
                0x000005b4       0x54 serialcomm.o
                0x000005b4                Serialcomm::read_byte()
 .text._ZN10Serialcomm11leer_serialEv
                0x00000608       0x38 serialcomm.o
                0x00000608                Serialcomm::leer_serial()
 .text._ZN10SerialcommC1EP14HardwareSeriallhhPFvhhPhE
                0x00000640       0x82 serialcomm.o
                0x00000640                Serialcomm::Serialcomm(HardwareSerial*, long, unsigned char, unsigned char, void (*)(unsigned char, unsigned char, unsigned char*))
 .text.pinMode  0x000006c2       0x4c wiring_digital.o
                0x000006c2                pinMode
 .text.turnOffPWM
                0x0000070e       0xe6 wiring_digital.o
 .text.digitalWrite
                0x000007f4       0x6a wiring_digital.o
                0x000007f4                digitalWrite
 .text.digitalRead
                0x0000085e       0x60 wiring_digital.o
                0x0000085e                digitalRead
 .text._ZN10Movimiento13get_osciladorEh
                0x000008be       0x42 movimiento.o
                0x000008be                Movimiento::get_oscilador(unsigned char)
 .text._ZN10Movimiento7set_ampEhf
                0x00000900       0x24 movimiento.o
                0x00000900                Movimiento::set_amp(unsigned char, float)
 .text._ZN10Movimiento8set_freqEhf
                0x00000924       0x24 movimiento.o
                0x00000924                Movimiento::set_freq(unsigned char, float)
 .text._ZN10Movimiento9set_phaseEhf
                0x00000948       0x24 movimiento.o
                0x00000948                Movimiento::set_phase(unsigned char, float)
 .text._ZN10Movimiento9set_brownEhb
                0x0000096c       0x1c movimiento.o
                0x0000096c                Movimiento::set_brown(unsigned char, bool)
 .text._ZN10Movimiento11get_pos_refEv
                0x00000988        0xa movimiento.o
                0x00000988                Movimiento::get_pos_ref()
 .text._ZN10Movimiento6pasitoEh7COORD3DbfihS0_
                0x00000992      0x79c movimiento.o
                0x00000992                Movimiento::pasito(unsigned char, COORD3D, bool, float, int, unsigned char, COORD3D)
 .text._ZN10Movimiento8posicionEP7COORD3Dii
                0x0000112e      0x114 movimiento.o
                0x0000112e                Movimiento::posicion(COORD3D*, int, int)
 .text._ZN10Movimiento14actual_pos_refEv
                0x00001242       0x16 movimiento.o
                0x00001242                Movimiento::actual_pos_ref()
 .text._ZN10Movimiento11set_pos_refEP7COORD3D
                0x00001258       0x14 movimiento.o
                0x00001258                Movimiento::set_pos_ref(COORD3D*)
 .text._ZN10Movimiento12goto_pos_refEv
                0x0000126c       0xec movimiento.o
                0x0000126c                Movimiento::goto_pos_ref()
 .text._ZN10Movimiento12goto_pos_refEP7COORD3D
                0x00001358       0x16 movimiento.o
                0x00001358                Movimiento::goto_pos_ref(COORD3D*)
 .text._ZN10Movimiento9osciladorEfi
                0x0000136e       0x90 movimiento.o
                0x0000136e                Movimiento::oscilador(float, int)
 .text._ZN10Movimiento6troncoEP7COORD3DS0_S0_fffih
                0x000013fe      0x522 movimiento.o
                0x000013fe                Movimiento::tronco(COORD3D*, COORD3D, COORD3D, float, float, float, int, unsigned char)
 .text._ZN10Movimiento8rotationE7COORD3Dfffih
                0x00001920      0x118 movimiento.o
                0x00001920                Movimiento::rotation(COORD3D, float, float, float, int, unsigned char)
 .text._ZN10Movimiento11translationE7COORD3Dih
                0x00001a38      0x106 movimiento.o
                0x00001a38                Movimiento::translation(COORD3D, int, unsigned char)
 .text._ZN10MovimientoC1Ev
                0x00001b3e      0x116 movimiento.o
                0x00001b3e                Movimiento::Movimiento()
 .text._GLOBAL__I_mov
                0x00001c54        0xa movimiento.o
 .text._ZN6Cabeza8callbackEhhPh
                0x00001c5e       0xa8 cabeza.o
                0x00001c5e                Cabeza::callback(unsigned char, unsigned char, unsigned char*)
 .text._ZN6Cabeza8posicionEhi
                0x00001d06       0x16 cabeza.o
                0x00001d06                Cabeza::posicion(unsigned char, int)
 .text._ZN6CabezaC1Ev
                0x00001d1c       0x8a cabeza.o
                0x00001d1c                Cabeza::Cabeza()
 .text._GLOBAL__I_kbza
                0x00001da6        0xa cabeza.o
 .text._Z4signi
                0x00001db0       0x16 util.o
                0x00001db0                sign(int)
 .text._Z6randomf
                0x00001dc6       0x6c util.o
                0x00001dc6                random(float)
 .text._Z6randomff
                0x00001e32       0x56 util.o
                0x00001e32                random(float, float)
 .text._Z14brownian_noisePffff
                0x00001e88       0xfe util.o
                0x00001e88                brownian_noise(float*, float, float, float)
 .text._Z10randomSeedj
                0x00001f86        0xa util.o
                0x00001f86                randomSeed(unsigned int)
 .text._Zpl6StringRKS_
                0x00001f90       0x24 util.o
                0x00001f90                operator+(String, String const&)
 .text._Z12float2stringf
                0x00001fb4      0x294 util.o
                0x00001fb4                float2string(float)
 .text._Z8sigmoidef
                0x00002248       0x24 util.o
                0x00002248                sigmoide(float)
 .text._ZN5Print5writeEPKc
                0x0000226c       0x30 Print.o
                0x0000226c                Print::write(char const*)
 .text._ZN5Print5writeEPKhj
                0x0000229c       0x3e Print.o
                0x0000229c                Print::write(unsigned char const*, unsigned int)
 .text._ZN5Print5printEPKc
                0x000022da       0x10 Print.o
                0x000022da                Print::print(char const*)
 .text._ZN9Bluetooth12blue_processEhhPh
                0x000022ea        0x2 bluetooth.o
                0x000022ea                Bluetooth::blue_process(unsigned char, unsigned char, unsigned char*)
 .text._ZN9Bluetooth9ATcommandEPKcihz
                0x000022ec      0x218 bluetooth.o
                0x000022ec                Bluetooth::ATcommand(char const*, int, unsigned char, ...)
 .text._ZN9Bluetooth7connectEv
                0x00002504      0x29c bluetooth.o
                0x00002504                Bluetooth::connect()
 .text._ZN9Bluetooth8send_msgEhhPh
                0x000027a0       0x10 bluetooth.o
                0x000027a0                Bluetooth::send_msg(unsigned char, unsigned char, unsigned char*)
 .text._ZN9BluetoothC1Ev
                0x000027b0       0x86 bluetooth.o
                0x000027b0                Bluetooth::Bluetooth()
 .text._GLOBAL__I_blue
                0x00002836        0xa bluetooth.o
 .text._GLOBAL__I_motors
                0x00002840       0x36 mov_bajo_nivel.o
 .text._Z15sensor_cuerditav
                0x00002876       0xda mov_bajo_nivel.o
                0x00002876                sensor_cuerdita()
 .text._Z18poll_analog_sensorm
                0x00002950       0x44 mov_bajo_nivel.o
                0x00002950                poll_analog_sensor(unsigned long)
 .text._Z9poll_loadv
                0x00002994      0x104 mov_bajo_nivel.o
                0x00002994                poll_load()
 .text._Z10motor_inithh
                0x00002a98      0x156 mov_bajo_nivel.o
                0x00002a98                motor_init(unsigned char, unsigned char)
 .text._Z12motor_updatev
                0x00002bee      0x240 mov_bajo_nivel.o
                0x00002bee                motor_update()
 .text._Z3xyzPi
                0x00002e2e      0x1e2 mov_bajo_nivel.o
                0x00002e2e                xyz(int*)
 .text._Z9get_coordh
                0x00003010      0x148 mov_bajo_nivel.o
                0x00003010                get_coord(unsigned char)
 .text._Z11motor_setupv
                0x00003158      0x266 mov_bajo_nivel.o
                0x00003158                motor_setup()
 .text._Z12alfabetagama7COORD3D
                0x000033be      0x23e mov_bajo_nivel.o
                0x000033be                alfabetagama(COORD3D)
 .text._Z9set_coordR7MOVDATA
                0x000035fc      0x1d0 mov_bajo_nivel.o
                0x000035fc                set_coord(MOVDATA&)
 .text._ZN10Movimiento4stopEv
                0x000037cc        0xa movimiento2.o
                0x000037cc                Movimiento::stop()
 .text._ZN10Movimiento4nsegEi
                0x000037d6       0x22 movimiento2.o
                0x000037d6                Movimiento::nseg(int)
 .text._ZN10Movimiento4nsegEihf
                0x000037f8       0xaa movimiento2.o
                0x000037f8                Movimiento::nseg(int, unsigned char, float)
 .text._ZN10Movimiento10inc_escalaEv
                0x000038a2       0x78 movimiento2.o
                0x000038a2                Movimiento::inc_escala()
 .text._ZN10Movimiento10dec_escalaEv
                0x0000391a       0x78 movimiento2.o
                0x0000391a                Movimiento::dec_escala()
 .text._ZN10Movimiento6updateEm
                0x00003992     0x1f9e movimiento2.o
                0x00003992                Movimiento::update(unsigned long)
 .text._ZN10Movimiento14caminata_init2Ev
                0x00005930      0x190 movimiento2.o
                0x00005930                Movimiento::caminata_init2()
 .text._ZN10Movimiento13caminata_initEv
                0x00005ac0      0x360 movimiento2.o
                0x00005ac0                Movimiento::caminata_init()
 .text._ZN10Movimiento5startEv
                0x00005e20       0x64 movimiento2.o
                0x00005e20                Movimiento::start()
 .text._ZN10Movimiento8caminataEb
                0x00005e84       0x3e movimiento2.o
                0x00005e84                Movimiento::caminata(bool)
 .text._ZN10Movimiento10set_valuesEffb7COORD2Dfhf
                0x00005ec2      0xc9e movimiento2.o
                0x00005ec2                Movimiento::set_values(float, float, bool, COORD2D, float, unsigned char, float)
 .text._ZN10Movimiento7set_velEf
                0x00006b60      0x1e4 movimiento2.o
                0x00006b60                Movimiento::set_vel(float)
 .text._ZN10Movimiento8caminataEffb7COORD2Dfhf
                0x00006d44       0xae movimiento2.o
                0x00006d44                Movimiento::caminata(float, float, bool, COORD2D, float, unsigned char, float)
 .text._ZN10Movimiento5rectaEfffhf
                0x00006df2       0xd8 movimiento2.o
                0x00006df2                Movimiento::recta(float, float, float, unsigned char, float)
 .text._ZN10Movimiento5curvaEff7COORD2Dbhf
                0x00006eca      0x10c movimiento2.o
                0x00006eca                Movimiento::curva(float, float, COORD2D, bool, unsigned char, float)
 .text.analogWrite
                0x00006fd6      0x1b6 wiring_analog.o
                0x00006fd6                analogWrite
 .text._ZN4AX125setTXEv
                0x0000718c       0x18 ax12.o
                0x0000718c                AX12::setTX()
 .text._ZN4AX125setRXEv
                0x000071a4       0x1c ax12.o
                0x000071a4                AX12::setRX()
 .text._ZN4AX127setNoneEv
                0x000071c0       0x18 ax12.o
                0x000071c0                AX12::setNone()
 .text.__vector_36
                0x000071d8       0x44 ax12.o
                0x000071d8                __vector_36
 .text._ZN4AX124initEl
                0x0000721c       0x3e ax12.o
                0x0000721c                AX12::init(long)
 .text._ZN4AX12C1Eh
                0x0000725a        0xc ax12.o
                0x0000725a                AX12::AX12(unsigned char)
 .text._ZN4AX12C1Ev
                0x00007266        0xc ax12.o
                0x00007266                AX12::AX12()
 .text._ZN4AX1210sendPacketEhhhPh
                0x00007272       0xa2 ax12.o
                0x00007272                AX12::sendPacket(unsigned char, unsigned char, unsigned char, unsigned char*)
 .text._ZN4AX1210readPacketEv
                0x00007314       0xbc ax12.o
                0x00007314                AX12::readPacket()
 .text._Z8sign2bini
                0x000073d0        0xe ax12.o
                0x000073d0                sign2bin(int)
 .text._Z8bin2signb
                0x000073de        0x6 ax12.o
                0x000073de                bin2sign(bool)
 .text._Z10lengthReadh
                0x000073e4       0x26 ax12.o
                0x000073e4                lengthRead(unsigned char)
 .text._Z11lengthWriteh
                0x0000740a       0x28 ax12.o
                0x0000740a                lengthWrite(unsigned char)
 .text._ZN4AX1210returnDataEh
                0x00007432       0x72 ax12.o
                0x00007432                AX12::returnData(unsigned char)
 .text._ZN4AX128readDataEhh
                0x000074a4       0x3c ax12.o
                0x000074a4                AX12::readData(unsigned char, unsigned char)
 .text._ZN4AX124pingEv
                0x000074e0       0x26 ax12.o
                0x000074e0                AX12::ping()
 .text._ZN4AX1212processValueEhPi
                0x00007506       0x84 ax12.o
                0x00007506                AX12::processValue(unsigned char, int*)
 .text._ZN4AX128readInfoEh
                0x0000758a       0x80 ax12.o
                0x0000758a                AX12::readInfo(unsigned char)
 .text._ZN4AX129syncWriteEhhhPhPS0_
                0x0000760a       0xea ax12.o
                0x0000760a                AX12::syncWrite(unsigned char, unsigned char, unsigned char, unsigned char*, unsigned char**)
 .text._ZN4AX1214setMultiPosVelEhPhPiS1_
                0x000076f4      0x116 ax12.o
                0x000076f4                AX12::setMultiPosVel(unsigned char, unsigned char*, int*, int*)
 .text._ZN4AX129writeDataEhhPhb
                0x0000780a       0xba ax12.o
                0x0000780a                AX12::writeData(unsigned char, unsigned char, unsigned char*, bool)
 .text._ZN4AX129writeInfoEhib
                0x000078c4       0xaa ax12.o
                0x000078c4                AX12::writeInfo(unsigned char, int, bool)
 .text._ZN4AX126setSRLEh
                0x0000796e       0x12 ax12.o
                0x0000796e                AX12::setSRL(unsigned char)
 .text._Z9setTimersv
                0x00007980       0xda hardware.o
                0x00007980                setTimers()
 .text._Z9ADCconfigv
                0x00007a5a        0xe hardware.o
                0x00007a5a                ADCconfig()
 .text._Z11ADCInitConvh
                0x00007a68       0x32 hardware.o
                0x00007a68                ADCInitConv(unsigned char)
 .text._Z11ADCReadConvv
                0x00007a9a       0x14 hardware.o
                0x00007a9a                ADCReadConv()
 .text._Z11SPItransferh
                0x00007aae       0x14 hardware.o
                0x00007aae                SPItransfer(unsigned char)
 .text._Z14all_timers_offb
                0x00007ac2       0x38 hardware.o
                0x00007ac2                all_timers_off(bool)
 .text._Z5delaym
                0x00007afa       0x54 hardware.o
                0x00007afa                delay(unsigned long)
 .text._Z17delayMicrosecondsj
                0x00007b4e       0x14 hardware.o
                0x00007b4e                delayMicroseconds(unsigned int)
 .text.__vector_15
                0x00007b62       0x6c hardware.o
                0x00007b62                __vector_15
 .text.__vector_23
                0x00007bce      0x11c hardware.o
                0x00007bce                __vector_23
 .text._Z9SPIconfigv
                0x00007cea       0x3e hardware.o
                0x00007cea                SPIconfig()
 .text._Z12init_filtersv
                0x00007d28       0x32 dsp.o
                0x00007d28                init_filters()
 .text._ZN10RingBuffer9get_indexEh
                0x00007d5a       0x16 dsp.o
                0x00007d5a                RingBuffer::get_index(unsigned char)
 .text._ZN10RingBuffer4readEh
                0x00007d70       0x1c dsp.o
                0x00007d70                RingBuffer::read(unsigned char)
 .text._ZN10RingBuffer5storeEc
                0x00007d8c       0x28 dsp.o
                0x00007d8c                RingBuffer::store(char)
 .text._Z14mov_avg_filterP10RingBufferPch
                0x00007db4       0x34 dsp.o
                0x00007db4                mov_avg_filter(RingBuffer*, char*, unsigned char)
 .text._GLOBAL__I_buffer
                0x00007de8        0x2 dsp.o
 .text._ZN6String11toCharArrayEv
                0x00007dea        0x8 WString.o
                0x00007dea                String::toCharArray()
 .text._ZN6StringD1Ev
                0x00007df2       0x20 WString.o
                0x00007df2                String::~String()
 .text._ZNK6String7indexOfERKS_j
                0x00007e12       0x3c WString.o
                0x00007e12                String::indexOf(String const&, unsigned int) const
 .text._ZNK6String7indexOfERKS_
                0x00007e4e        0xa WString.o
                0x00007e4e                String::indexOf(String const&) const
 .text._ZN6StringpLERKS_
                0x00007e58       0x70 WString.o
                0x00007e58                String::operator+=(String const&)
 .text._ZN6String9getBufferEj
                0x00007ec8       0x28 WString.o
                0x00007ec8                String::getBuffer(unsigned int)
 .text._ZN6StringaSERKS_
                0x00007ef0       0x60 WString.o
                0x00007ef0                String::operator=(String const&)
 .text._ZN6StringC1ERKS_
                0x00007f50       0x36 WString.o
                0x00007f50                String::String(String const&)
 .text._ZN6StringC1EPKc
                0x00007f86       0x50 WString.o
                0x00007f86                String::String(char const*)
 .text._ZN6StringC1Eii
                0x00007fd6       0x78 WString.o
                0x00007fd6                String::String(int, int)
 .text._ZN7Display6conwayEii
                0x0000804e       0x14 display.o
                0x0000804e                Display::conway(int, int)
 .text._ZN7Display5anchoEc
                0x00008062       0x40 display.o
                0x00008062                Display::ancho(char)
 .text._ZN7Display6offsetEc
                0x000080a2       0x30 display.o
                0x000080a2                Display::offset(char)
 .text._ZN7Display6isBusyEv
                0x000080d2       0x1c display.o
                0x000080d2                Display::isBusy()
 .text._GLOBAL__I_pantalla
                0x000080ee       0x10 display.o
 .text._ZN7Display10SPIsendMsgEhhPh
                0x000080fe       0x5a display.o
                0x000080fe                Display::SPIsendMsg(unsigned char, unsigned char, unsigned char*)
 .text._ZN7Display3lsmEcc
                0x00008158       0x28 display.o
                0x00008158                Display::lsm(char, char)
 .text._ZN7Display7lsm_intEcc
                0x00008180       0x3e display.o
                0x00008180                Display::lsm_int(char, char)
 .text._ZN7Display6scrollEccbb
                0x000081be       0x38 display.o
                0x000081be                Display::scroll(char, char, bool, bool)
 .text._ZN7Display6conwayEv
                0x000081f6        0xe display.o
                0x000081f6                Display::conway()
 .text._ZN7Display6updateEm
                0x00008204      0x1f0 display.o
                0x00008204                Display::update(unsigned long)
 .text._ZN7Display8setPixelEhh
                0x000083f4       0x2a display.o
                0x000083f4                Display::setPixel(unsigned char, unsigned char)
 .text._ZN7Display8setColorEhhh
                0x0000841e       0x2c display.o
                0x0000841e                Display::setColor(unsigned char, unsigned char, unsigned char)
 .text._ZN7Display10scrollTextEPKciici
                0x0000844a       0x7c display.o
                0x0000844a                Display::scrollText(char const*, int, int, char, int)
 .text._ZN13RemoteControl11displayTextEv
                0x000084c6       0x78 remote_control.o
                0x000084c6                RemoteControl::displayText()
 .text._ZN13RemoteControlC1Ev
                0x0000853e       0xb6 remote_control.o
                0x0000853e                RemoteControl::RemoteControl()
 .text._Z41__static_initialization_and_destruction_0ii
                0x000085f4       0x32 remote_control.o
 .text._GLOBAL__D_rc
                0x00008626        0xe remote_control.o
 .text._GLOBAL__I_rc
                0x00008634        0xe remote_control.o
 .text._ZN13RemoteControl11osciladoresEh
                0x00008642      0x702 remote_control.o
                0x00008642                RemoteControl::osciladores(unsigned char)
 .text._ZN13RemoteControl13editar_centroEh
                0x00008d44      0x49c remote_control.o
                0x00008d44                RemoteControl::editar_centro(unsigned char)
 .text._ZN13RemoteControl10editar_posEh
                0x000091e0      0x562 remote_control.o
                0x000091e0                RemoteControl::editar_pos(unsigned char)
 .text._ZN13RemoteControl10rotacionesEh
                0x00009742      0x73a remote_control.o
                0x00009742                RemoteControl::rotaciones(unsigned char)
 .text._ZN13RemoteControl12traslacionesEh
                0x00009e7c      0x646 remote_control.o
                0x00009e7c                RemoteControl::traslaciones(unsigned char)
 .text._ZN13RemoteControl9caminatasEh
                0x0000a4c2      0xad2 remote_control.o
                0x0000a4c2                RemoteControl::caminatas(unsigned char)
 .text._ZN13RemoteControl16procesar_comandoEh
                0x0000af94      0x774 remote_control.o
                0x0000af94                RemoteControl::procesar_comando(unsigned char)
 .text._ZN6Events4swapEhh
                0x0000b708       0x8c events.o
                0x0000b708                Events::swap(unsigned char, unsigned char)
 .text._ZN6Events9get_indexEh
                0x0000b794       0x16 events.o
                0x0000b794                Events::get_index(unsigned char)
 .text._ZN6Events8get_dataEv
                0x0000b7aa       0x70 events.o
                0x0000b7aa                Events::get_data()
 .text._ZN6Events3addE7MOVDATAi
                0x0000b81a      0x17a events.o
                0x0000b81a                Events::add(MOVDATA, int)
 .text._ZN6Events12search_indexEmh
                0x0000b994       0xa4 events.o
                0x0000b994                Events::search_index(unsigned long, unsigned char)
 .text._ZN6Events6searchEhi
                0x0000ba38      0x136 events.o
                0x0000ba38                Events::search(unsigned char, int)
 .text._ZN6Events7processEv
                0x0000bb6e       0xda events.o
                0x0000bb6e                Events::process()
 .text._ZN6EventsC1Eh
                0x0000bc48       0x2e events.o
                0x0000bc48                Events::Events(unsigned char)
 .text._GLOBAL__I_eventos
                0x0000bc76        0xc events.o
 .text._Z6bezierffff
                0x0000bc82       0xde vectores.o
                0x0000bc82                bezier(float, float, float, float)
 .text._Z4suma7COORD3DS_
                0x0000bd60       0xd0 vectores.o
                0x0000bd60                suma(COORD3D, COORD3D)
 .text._Z4suma7COORD2DS_
                0x0000be30       0xb6 vectores.o
                0x0000be30                suma(COORD2D, COORD2D)
 .text._Z5resta7COORD3DS_
                0x0000bee6       0xd0 vectores.o
                0x0000bee6                resta(COORD3D, COORD3D)
 .text._Z5resta7COORD2DS_
                0x0000bfb6       0xb6 vectores.o
                0x0000bfb6                resta(COORD2D, COORD2D)
 .text._Z8producto7COORD3Df
                0x0000c06c       0xdc vectores.o
                0x0000c06c                producto(COORD3D, float)
 .text._Z8producto7COORD2Df
                0x0000c148       0x9e vectores.o
                0x0000c148                producto(COORD2D, float)
 .text._Z6xz2xyz7COORD2D
                0x0000c1e6       0x72 vectores.o
                0x0000c1e6                xz2xyz(COORD2D)
 .text._Z6xyz2xz7COORD3D
                0x0000c258       0x76 vectores.o
                0x0000c258                xyz2xz(COORD3D)
 .text._Z11applyMatrix7COORD3DPS_
                0x0000c2ce      0x228 vectores.o
                0x0000c2ce                applyMatrix(COORD3D, COORD3D*)
 .text._Z11applyMatrix7COORD2DPS_
                0x0000c4f6      0x116 vectores.o
                0x0000c4f6                applyMatrix(COORD2D, COORD2D*)
 .text._Z9sumasignaP7COORD3DS_
                0x0000c60c       0xd4 vectores.o
                0x0000c60c                sumasigna(COORD3D*, COORD3D)
 .text._Z9sumasignaP7COORD2DS_
                0x0000c6e0       0x92 vectores.o
                0x0000c6e0                sumasigna(COORD2D*, COORD2D)
 .text._Z10patas2patah
                0x0000c772       0x2c vectores.o
                0x0000c772                patas2pata(unsigned char)
 .text._Z8traslateP7COORD3DS_
                0x0000c79e      0x144 vectores.o
                0x0000c79e                traslate(COORD3D*, COORD3D)
 .text._Z13edit_positionP7COORD3Dffff
                0x0000c8e2      0x164 vectores.o
                0x0000c8e2                edit_position(COORD3D*, float, float, float, float)
 .text._Z9getOffseth
                0x0000ca46       0xa2 vectores.o
                0x0000ca46                getOffset(unsigned char)
 .text._Z6rotateP7COORD3DS_S0_
                0x0000cae8      0x294 vectores.o
                0x0000cae8                rotate(COORD3D*, COORD3D, COORD3D*)
 .text._Z7abs2rel7COORD3Dh
                0x0000cd7c       0xfc vectores.o
                0x0000cd7c                abs2rel(COORD3D, unsigned char)
 .text._Z7abs2relP7COORD3D
                0x0000ce78       0xa2 vectores.o
                0x0000ce78                abs2rel(COORD3D*)
 .text._Z7rel2abs7COORD2Dh
                0x0000cf1a       0xd6 vectores.o
                0x0000cf1a                rel2abs(COORD2D, unsigned char)
 .text._Z7rel2abs7COORD3Dh
                0x0000cff0      0x10e vectores.o
                0x0000cff0                rel2abs(COORD3D, unsigned char)
 .text._Z8ec_planoP7COORD3DS0_Pf
                0x0000d0fe      0x3a6 vectores.o
                0x0000d0fe                ec_plano(COORD3D*, COORD3D*, float*)
 .text._Z7rel2absP7COORD3D
                0x0000d4a4       0xa2 vectores.o
                0x0000d4a4                rel2abs(COORD3D*)
 .text._Z10proyeccionP7COORD3DS0_
                0x0000d546      0x27c vectores.o
                0x0000d546                proyeccion(COORD3D*, COORD3D*)
 .text._Z8hexagonoffff
                0x0000d7c2      0x224 vectores.o
                0x0000d7c2                hexagono(float, float, float, float)
 .text._Z9distancia7COORD2DS_
                0x0000d9e6       0x9e vectores.o
                0x0000d9e6                distancia(COORD2D, COORD2D)
 .text._Z17getRotationMatrixP7COORD2Df
                0x0000da84       0x6c vectores.o
                0x0000da84                getRotationMatrix(COORD2D*, float)
 .text._Z17getRotationMatrixP7COORD3Dfff
                0x0000daf0      0x278 vectores.o
                0x0000daf0                getRotationMatrix(COORD3D*, float, float, float)
 .text.__vector_25
                0x0000dd68       0x6a HardwareSerial.o
                0x0000dd68                __vector_25
 .text.__vector_51
                0x0000ddd2       0x6a HardwareSerial.o
                0x0000ddd2                __vector_51
 .text.__vector_54
                0x0000de3c       0x6a HardwareSerial.o
                0x0000de3c                __vector_54
 .text._ZN14HardwareSerial5beginEl
                0x0000dea6       0xb2 HardwareSerial.o
                0x0000dea6                HardwareSerial::begin(long)
 .text._ZN14HardwareSerial9availableEv
                0x0000df58       0x22 HardwareSerial.o
                0x0000df58                HardwareSerial::available()
 .text._ZN14HardwareSerial4readEv
                0x0000df7a       0x48 HardwareSerial.o
                0x0000df7a                HardwareSerial::read()
 .text._ZN14HardwareSerial5flushEv
                0x0000dfc2       0x18 HardwareSerial.o
                0x0000dfc2                HardwareSerial::flush()
 .text._ZN14HardwareSerial5writeEh
                0x0000dfda       0x26 HardwareSerial.o
                0x0000dfda                HardwareSerial::write(unsigned char)
 .text._GLOBAL__I_rx_buffer
                0x0000e000      0x13c HardwareSerial.o
 .text.main     0x0000e13c      0x176 main.o
                0x0000e13c                main
 .text.attachInterrupt
                0x0000e2b2       0xf8 WInterrupts.o
                0x0000e2b2                attachInterrupt
 .text.__vector_1
                0x0000e3aa       0x62 WInterrupts.o
                0x0000e3aa                __vector_1
 .text.__vector_2
                0x0000e40c       0x62 WInterrupts.o
                0x0000e40c                __vector_2
 .text.__vector_3
                0x0000e46e       0x62 WInterrupts.o
                0x0000e46e                __vector_3
 .text.__vector_4
                0x0000e4d0       0x62 WInterrupts.o
                0x0000e4d0                __vector_4
 .text.__vector_5
                0x0000e532       0x62 WInterrupts.o
                0x0000e532                __vector_5
 .text.__vector_6
                0x0000e594       0x62 WInterrupts.o
                0x0000e594                __vector_6
 .text.__vector_7
                0x0000e5f6       0x62 WInterrupts.o
                0x0000e5f6                __vector_7
 .text.__vector_8
                0x0000e658       0x62 WInterrupts.o
                0x0000e658                __vector_8
 .text._ZN9ReactLoad7evaluarEv
                0x0000e6ba      0x11c conducta.o
                0x0000e6ba                ReactLoad::evaluar()
 .text._Z13conducta_initv
                0x0000e7d6       0x1a conducta.o
                0x0000e7d6                conducta_init()
 .text._ZN9Empujones7evaluarEv
                0x0000e7f0      0x346 conducta.o
                0x0000e7f0                Empujones::evaluar()
 .text._ZN9EmpujonesC1Eh
                0x0000eb36      0x110 conducta.o
                0x0000eb36                Empujones::Empujones(unsigned char)
 .text._GLOBAL__I__ZN8Conducta6estadoE
                0x0000ec46       0x1e conducta.o
 .text._ZN8Conducta8ejecutarE6ACTION
                0x0000ec64      0x390 conducta.o
                0x0000ec64                Conducta::ejecutar(ACTION)
 .text._Z5main_v
                0x0000eff4       0x8c conducta.o
                0x0000eff4                main_()
 .text._ZN5NnodeC1Eh
                0x0000f080       0x28 ann.o
                0x0000f080                Nnode::Nnode(unsigned char)
 .text._ZN6NlayerC1Ehh
                0x0000f0a8       0x9e ann.o
                0x0000f0a8                Nlayer::Nlayer(unsigned char, unsigned char)
 .text._ZN5Nnode7computeEPf
                0x0000f146       0xb6 ann.o
                0x0000f146                Nnode::compute(float*)
 .text._ZN6Nlayer7computeEPfS0_
                0x0000f1fc       0x6a ann.o
                0x0000f1fc                Nlayer::compute(float*, float*)
 .text._ZN5Nnode11set_weightsEPf
                0x0000f266       0x1e ann.o
                0x0000f266                Nnode::set_weights(float*)
 .text.avr-libc.fplib
                0x0000f284       0x1c c:/archivos de programa/winavr/bin/../lib/gcc/avr/4.3.3/../../../../avr/lib/avr51\libm.a(acos.o)
                0x0000f284                acos
 .text.avr-libc.fplib
                0x0000f2a0        0xa c:/archivos de programa/winavr/bin/../lib/gcc/avr/4.3.3/../../../../avr/lib/avr51\libm.a(addsf3.o)
                0x0000f2a0                __subsf3
                0x0000f2a2                __addsf3
 .text.avr-libc.fplib
                0x0000f2aa       0xc0 c:/archivos de programa/winavr/bin/../lib/gcc/avr/4.3.3/../../../../avr/lib/avr51\libm.a(addsf3x.o)
                0x0000f2c4                __addsf3x
 .text.avr-libc.fplib
                0x0000f36a       0x74 c:/archivos de programa/winavr/bin/../lib/gcc/avr/4.3.3/../../../../avr/lib/avr51\libm.a(atan2.o)
                0x0000f388                atan2
 .text.avr-libc.fplib
                0x0000f3de       0x50 c:/archivos de programa/winavr/bin/../lib/gcc/avr/4.3.3/../../../../avr/lib/avr51\libm.a(atan.o)
                0x0000f3de                atan
 .text.avr-libc.fplib
                0x0000f42e        0x8 c:/archivos de programa/winavr/bin/../lib/gcc/avr/4.3.3/../../../../avr/lib/avr51\libm.a(cmpsf2.o)
                0x0000f42e                __lesf2
                0x0000f42e                __nesf2
                0x0000f42e                __eqsf2
                0x0000f42e                __cmpsf2
                0x0000f42e                __ltsf2
 .text.avr-libc.fplib
                0x0000f436        0x6 c:/archivos de programa/winavr/bin/../lib/gcc/avr/4.3.3/../../../../avr/lib/avr51\libm.a(cos.o)
                0x0000f436                cos
 .text.avr-libc.fplib
                0x0000f43c        0x4 c:/archivos de programa/winavr/bin/../lib/gcc/avr/4.3.3/../../../../avr/lib/avr51\libm.a(divsf3.o)
                0x0000f43c                __divsf3
 .text.avr-libc.fplib
                0x0000f440       0xcc c:/archivos de programa/winavr/bin/../lib/gcc/avr/4.3.3/../../../../avr/lib/avr51\libm.a(divsf3x.o)
                0x0000f456                __divsf3x
                0x0000f45a                __divsf3_pse
 .text.avr-libc.fplib
                0x0000f50c       0x62 c:/archivos de programa/winavr/bin/../lib/gcc/avr/4.3.3/../../../../avr/lib/avr51\libm.a(exp.o)
                0x0000f516                exp
 .text.avr-libc.fplib
                0x0000f56e        0xa c:/archivos de programa/winavr/bin/../lib/gcc/avr/4.3.3/../../../../avr/lib/avr51\libm.a(fixsfsi.o)
                0x0000f56e                __fixsfsi
 .text.avr-libc.fplib
                0x0000f578       0x58 c:/archivos de programa/winavr/bin/../lib/gcc/avr/4.3.3/../../../../avr/lib/avr51\libm.a(fixunssfsi.o)
                0x0000f578                __fixunssfsi
 .text.avr-libc.fplib
                0x0000f5d0       0x7a c:/archivos de programa/winavr/bin/../lib/gcc/avr/4.3.3/../../../../avr/lib/avr51\libm.a(floatsisf.o)
                0x0000f5d4                __floatsisf
                0x0000f5d0                __floatunsisf
 .text.avr-libc.fplib
                0x0000f64a       0x36 c:/archivos de programa/winavr/bin/../lib/gcc/avr/4.3.3/../../../../avr/lib/avr51\libm.a(fp_arccos.o)
                0x0000f64a                __fp_arccos
 .text.avr-libc.fplib
                0x0000f680       0x48 c:/archivos de programa/winavr/bin/../lib/gcc/avr/4.3.3/../../../../avr/lib/avr51\libm.a(fp_cmp.o)
                0x0000f680                __fp_cmp
 .text.avr-libc.fplib
                0x0000f6c8        0xc c:/archivos de programa/winavr/bin/../lib/gcc/avr/4.3.3/../../../../avr/lib/avr51\libm.a(fp_inf.o)
                0x0000f6c8                __fp_inf
 .text.avr-libc.fplib
                0x0000f6d4        0x6 c:/archivos de programa/winavr/bin/../lib/gcc/avr/4.3.3/../../../../avr/lib/avr51\libm.a(fp_nan.o)
                0x0000f6d4                __fp_nan
 .text.avr-libc.fplib
                0x0000f6da       0x4a c:/archivos de programa/winavr/bin/../lib/gcc/avr/4.3.3/../../../../avr/lib/avr51\libm.a(fp_powser.o)
                0x0000f6da                __fp_powser
 .text.avr-libc.fplib
                0x0000f724        0xe c:/archivos de programa/winavr/bin/../lib/gcc/avr/4.3.3/../../../../avr/lib/avr51\libm.a(fp_pscA.o)
                0x0000f724                __fp_pscA
 .text.avr-libc.fplib
                0x0000f732        0xe c:/archivos de programa/winavr/bin/../lib/gcc/avr/4.3.3/../../../../avr/lib/avr51\libm.a(fp_pscB.o)
                0x0000f732                __fp_pscB
 .text.avr-libc.fplib
                0x0000f740       0x50 c:/archivos de programa/winavr/bin/../lib/gcc/avr/4.3.3/../../../../avr/lib/avr51\libm.a(fp_rempio2.o)
                0x0000f742                __fp_rempio2
 .text.avr-libc.fplib
                0x0000f790       0x22 c:/archivos de programa/winavr/bin/../lib/gcc/avr/4.3.3/../../../../avr/lib/avr51\libm.a(fp_round.o)
                0x0000f790                __fp_round
 .text.avr-libc.fplib
                0x0000f7b2       0x22 c:/archivos de programa/winavr/bin/../lib/gcc/avr/4.3.3/../../../../avr/lib/avr51\libm.a(fp_sinus.o)
                0x0000f7b2                __fp_sinus
 .text.avr-libc.fplib
                0x0000f7d4       0x44 c:/archivos de programa/winavr/bin/../lib/gcc/avr/4.3.3/../../../../avr/lib/avr51\libm.a(fp_split3.o)
                0x0000f7d4                __fp_split3
                0x0000f7e4                __fp_splitA
 .text.avr-libc.fplib
                0x0000f818        0xe c:/archivos de programa/winavr/bin/../lib/gcc/avr/4.3.3/../../../../avr/lib/avr51\libm.a(fp_zero.o)
                0x0000f818                __fp_zero
                0x0000f81a                __fp_szero
 .text.avr-libc.fplib
                0x0000f826        0x8 c:/archivos de programa/winavr/bin/../lib/gcc/avr/4.3.3/../../../../avr/lib/avr51\libm.a(gesf2.o)
                0x0000f826                __gtsf2
                0x0000f826                __gesf2
 .text.avr-libc.fplib
                0x0000f82e       0xc2 c:/archivos de programa/winavr/bin/../lib/gcc/avr/4.3.3/../../../../avr/lib/avr51\libm.a(hypot.o)
                0x0000f840                hypot
 .text.avr-libc.fplib
                0x0000f8f0        0xe c:/archivos de programa/winavr/bin/../lib/gcc/avr/4.3.3/../../../../avr/lib/avr51\libm.a(inverse.o)
                0x0000f8f0                inverse
 .text.avr-libc.fplib
                0x0000f8fe       0x6c c:/archivos de programa/winavr/bin/../lib/gcc/avr/4.3.3/../../../../avr/lib/avr51\libm.a(ldexp.o)
                0x0000f902                ldexp
 .text.avr-libc.fplib
                0x0000f96a       0x66 c:/archivos de programa/winavr/bin/../lib/gcc/avr/4.3.3/../../../../avr/lib/avr51\libm.a(modf.o)
                0x0000f96a                modff
                0x0000f96a                modf
 .text.avr-libc.fplib
                0x0000f9d0        0x4 c:/archivos de programa/winavr/bin/../lib/gcc/avr/4.3.3/../../../../avr/lib/avr51\libm.a(mulsf3.o)
                0x0000f9d0                __mulsf3
 .text.avr-libc.fplib
                0x0000f9d4       0xc2 c:/archivos de programa/winavr/bin/../lib/gcc/avr/4.3.3/../../../../avr/lib/avr51\libm.a(mulsf3x.o)
                0x0000f9ec                __mulsf3_pse
                0x0000f9e8                __mulsf3x
 .text.avr-libc.fplib
                0x0000fa96        0xc c:/archivos de programa/winavr/bin/../lib/gcc/avr/4.3.3/../../../../avr/lib/avr51\libm.a(sin.o)
                0x0000fa96                sin
 .text.avr-libc.fplib
                0x0000faa2       0x84 c:/archivos de programa/winavr/bin/../lib/gcc/avr/4.3.3/../../../../avr/lib/avr51\libm.a(sqrt.o)
                0x0000faaa                sqrt
 .text.avr-libc.fplib
                0x0000fb26        0x6 c:/archivos de programa/winavr/bin/../lib/gcc/avr/4.3.3/../../../../avr/lib/avr51\libm.a(square.o)
                0x0000fb26                square
 .text.avr-libc.fplib
                0x0000fb2c       0x1c c:/archivos de programa/winavr/bin/../lib/gcc/avr/4.3.3/../../../../avr/lib/avr51\libm.a(fp_mpack.o)
                0x0000fb30                __fp_mpack_finite
                0x0000fb2c                __fp_mpack
 .text.avr-libc.fplib
                0x0000fb48        0xe c:/archivos de programa/winavr/bin/../lib/gcc/avr/4.3.3/../../../../avr/lib/avr51\libm.a(fp_norm2.o)
                0x0000fb48                __fp_norm2
 .text.avr-libc.fplib
                0x0000fb56       0x22 c:/archivos de programa/winavr/bin/../lib/gcc/avr/4.3.3/../../../../avr/lib/avr51\libm.a(fp_powsodd.o)
                0x0000fb56                __fp_powsodd
 .text.avr-libc
                0x0000fb78      0x20a c:/archivos de programa/winavr/bin/../lib/gcc/avr/4.3.3/../../../../avr/lib/avr51\libc.a(malloc.o)
                0x0000fb78                malloc
                0x0000fcd2                free
 .text.avr-libc
                0x0000fd82       0xd6 c:/archivos de programa/winavr/bin/../lib/gcc/avr/4.3.3/../../../../avr/lib/avr51\libc.a(rand.o)
                0x0000fe32                rand_r
                0x0000fe38                rand
                0x0000fe42                srand
 .text.avr-libc
                0x0000fe58      0x1b8 c:/archivos de programa/winavr/bin/../lib/gcc/avr/4.3.3/../../../../avr/lib/avr51\libc.a(realloc.o)
                0x0000fe58                realloc
 .text.avr-libc
                0x00010010        0x6 c:/archivos de programa/winavr/bin/../lib/gcc/avr/4.3.3/../../../../avr/lib/avr51\libc.a(exit.o)
                0x00010010                exit
 .text.avr-libc
                0x00010016       0x12 c:/archivos de programa/winavr/bin/../lib/gcc/avr/4.3.3/../../../../avr/lib/avr51\libc.a(memcpy.o)
                0x00010016                memcpy
 .text.avr-libc
                0x00010028       0x16 c:/archivos de programa/winavr/bin/../lib/gcc/avr/4.3.3/../../../../avr/lib/avr51\libc.a(strcat.o)
                0x00010028                strcat
 .text.avr-libc
                0x0001003e        0xe c:/archivos de programa/winavr/bin/../lib/gcc/avr/4.3.3/../../../../avr/lib/avr51\libc.a(strcpy.o)
                0x0001003e                strcpy
 .text.avr-libc
                0x0001004c       0x34 c:/archivos de programa/winavr/bin/../lib/gcc/avr/4.3.3/../../../../avr/lib/avr51\libc.a(strstr.o)
                0x0001004c                strstr
 .text.avr-libc
                0x00010080       0x42 c:/archivos de programa/winavr/bin/../lib/gcc/avr/4.3.3/../../../../avr/lib/avr51\libc.a(itoa.o)
                0x00010080                itoa
 .text.avr-libc
                0x000100c2       0x20 c:/archivos de programa/winavr/bin/../lib/gcc/avr/4.3.3/../../../../avr/lib/avr51\libc.a(strrev.o)
                0x000100c2                strrev
 .text.libgcc   0x000100e2       0x3e c:/archivos de programa/winavr/bin/../lib/gcc/avr/4.3.3/avr51\libgcc.a(_mulsi3.o)
                0x000100e2                __mulsi3
 .text.libgcc   0x00010120       0x18 c:/archivos de programa/winavr/bin/../lib/gcc/avr/4.3.3/avr51\libgcc.a(_udivmodqi4.o)
                0x00010120                __udivmodqi4
 .text.libgcc   0x00010138       0x28 c:/archivos de programa/winavr/bin/../lib/gcc/avr/4.3.3/avr51\libgcc.a(_udivmodhi4.o)
                0x00010138                __udivmodhi4
 .text.libgcc   0x00010160       0x26 c:/archivos de programa/winavr/bin/../lib/gcc/avr/4.3.3/avr51\libgcc.a(_divmodhi4.o)
                0x00010160                __divmodhi4
                0x00010160                _div
 .text.libgcc   0x00010186       0x44 c:/archivos de programa/winavr/bin/../lib/gcc/avr/4.3.3/avr51\libgcc.a(_udivmodsi4.o)
                0x00010186                __udivmodsi4
 .text.libgcc   0x000101ca       0x36 c:/archivos de programa/winavr/bin/../lib/gcc/avr/4.3.3/avr51\libgcc.a(_divmodsi4.o)
                0x000101ca                __divmodsi4
 .text.libgcc   0x00010200        0xc c:/archivos de programa/winavr/bin/../lib/gcc/avr/4.3.3/avr51\libgcc.a(_tablejump.o)
                0x00010204                __tablejump__
                0x00010200                __tablejump2__
                0x0001020c                . = ALIGN (0x2)
 *(.fini9)
 .fini9         0x0001020c        0x0 c:/archivos de programa/winavr/bin/../lib/gcc/avr/4.3.3/avr51\libgcc.a(_exit.o)
                0x0001020c                _exit
 *(.fini9)
 *(.fini8)
 *(.fini8)
 *(.fini7)
 *(.fini7)
 *(.fini6)
 .fini6         0x0001020c       0x16 c:/archivos de programa/winavr/bin/../lib/gcc/avr/4.3.3/avr51\libgcc.a(_dtors.o)
                0x0001020c                __do_global_dtors
 *(.fini6)
 *(.fini5)
 *(.fini5)
 *(.fini4)
 *(.fini4)
 *(.fini3)
 *(.fini3)
 *(.fini2)
 *(.fini2)
 *(.fini1)
 *(.fini1)
 *(.fini0)
 .fini0         0x00010222        0x4 c:/archivos de programa/winavr/bin/../lib/gcc/avr/4.3.3/avr51\libgcc.a(_exit.o)
 *(.fini0)
                0x00010226                _etext = .

.data           0x00800200      0x3b4 load address 0x00010226
                0x00800200                PROVIDE (__data_start, .)
 *(.data)
 .data          0x00800200        0x5 util.o
 .data          0x00800205       0x53 bluetooth.o
 .data          0x00800258       0x17 mov_bajo_nivel.o
 .data          0x0080026f        0x1 WString.o
 .data          0x00800270      0x14e remote_control.o
 .data          0x008003be       0x49 main.o
 .data          0x00800407        0x6 c:/archivos de programa/winavr/bin/../lib/gcc/avr/4.3.3/../../../../avr/lib/avr51\libc.a(malloc.o)
                0x00800409                __malloc_heap_start
                0x0080040b                __malloc_heap_end
                0x00800407                __malloc_margin
 .data          0x0080040d        0x4 c:/archivos de programa/winavr/bin/../lib/gcc/avr/4.3.3/../../../../avr/lib/avr51\libc.a(rand.o)
 *(.data*)
 .data._ZN6Cabeza6valuesE
                0x00800411        0x8 cabeza.o
                0x00800411                Cabeza::values
 .data.sensor   0x00800419        0x2 mov_bajo_nivel.o
                0x00800419                sensor
 .data.timer0_int_flag
                0x0080041b        0x1 hardware.o
                0x0080041b                timer0_int_flag
 *(.rodata)
 *(.rodata*)
 .rodata._ZZN10Movimiento12goto_pos_refEvE3C.6
                0x0080041c        0x6 movimiento.o
 .rodata._ZZN10Movimiento12goto_pos_refEvE3C.5
                0x00800422        0x8 movimiento.o
 .rodata._ZZN10Movimiento8rotationE7COORD3DfffihE3C.1
                0x0080042a        0xc movimiento.o
 .rodata._ZZN10Movimiento11translationE7COORD3DihE3C.0
                0x00800436        0xc movimiento.o
 .rodata._ZL3ids
                0x00800442       0x12 mov_bajo_nivel.o
 .rodata._ZZN10Movimiento7set_velEfE4C.10
                0x00800454        0x8 movimiento2.o
 .rodata._ZZN10Movimiento10set_valuesEffb7COORD2DfhfE3C.3
                0x0080045c        0x3 movimiento2.o
 .rodata._ZZN10Movimiento10set_valuesEffb7COORD2DfhfE3C.2
                0x0080045f        0x6 movimiento2.o
 .rodata._ZZN10Movimiento5rectaEfffhfE3C.0
                0x00800465        0x8 movimiento2.o
 .rodata._ZZN13RemoteControl9caminatasEhE4C.34
                0x0080046d        0x8 remote_control.o
 .rodata._ZZN13RemoteControl9caminatasEhE4C.33
                0x00800475        0x8 remote_control.o
 .rodata._ZZN13RemoteControl16procesar_comandoEhE3C.9
                0x0080047d        0x8 remote_control.o
 .rodata._ZZN13RemoteControl16procesar_comandoEhE3C.6
                0x00800485        0x8 remote_control.o
 .rodata._ZZN13RemoteControlC1EvE3C.1
                0x0080048d        0xc remote_control.o
 .rodata._ZZN13RemoteControlC1EvE3C.0
                0x00800499        0x8 remote_control.o
 .rodata._ZZN6Events6searchEhiE3C.4
                0x008004a1        0xc events.o
 .rodata._ZTV14HardwareSerial
                0x008004ad        0xa HardwareSerial.o
                0x008004ad                vtable for HardwareSerial
 .rodata._ZTV9ReactLoad
                0x008004b7        0x6 conducta.o
                0x008004b7                vtable for ReactLoad
 .rodata._ZTV9Empujones
                0x008004bd        0x6 conducta.o
                0x008004bd                vtable for Empujones
 .rodata._ZZN9EmpujonesC1EhE3C.7
                0x008004c3       0x4c conducta.o
 .rodata._ZZN9EmpujonesC1EhE3C.6
                0x0080050f       0x4c conducta.o
 .rodata._ZZN9EmpujonesC1EhE3C.5
                0x0080055b       0x4c conducta.o
 .rodata._ZZN8Conducta8ejecutarE6ACTIONE3C.4
                0x008005a7        0xc conducta.o
 *(.gnu.linkonce.d*)
                0x008005b4                . = ALIGN (0x2)
 *fill*         0x008005b3        0x1 00
                0x008005b4                _edata = .
                0x008005b4                PROVIDE (__data_end, .)

.bss            0x008005b4      0x62d
                0x008005b4                PROVIDE (__bss_start, .)
 *(.bss)
 *(.bss*)
 .bss.mov       0x008005b4      0x1ce movimiento.o
                0x008005b4                mov
 .bss.kbza      0x00800782        0xd cabeza.o
                0x00800782                kbza
 .bss._ZN6Cabeza7cm_distE
                0x0080078f        0x1 cabeza.o
                0x0080078f                Cabeza::cm_dist
 .bss._ZN6Cabeza3velE
                0x00800790        0x1 cabeza.o
                0x00800790                Cabeza::vel
 .bss._ZN6Cabeza3latE
                0x00800791        0x1 cabeza.o
                0x00800791                Cabeza::lat
 .bss._ZN6Cabeza8evnt_velE
                0x00800792        0x1 cabeza.o
                0x00800792                Cabeza::evnt_vel
 .bss._ZN6Cabeza8evnt_latE
                0x00800793        0x1 cabeza.o
                0x00800793                Cabeza::evnt_lat
 .bss._ZN6Cabeza7mm_distE
                0x00800794        0x2 cabeza.o
                0x00800794                Cabeza::mm_dist
 .bss.blue      0x00800796        0xe bluetooth.o
                0x00800796                blue
 .bss.motors    0x008007a4       0x36 mov_bajo_nivel.o
                0x008007a4                motors
 .bss.broadcast
                0x008007da        0x3 mov_bajo_nivel.o
                0x008007da                broadcast
 .bss.ang_des   0x008007dd       0x24 mov_bajo_nivel.o
                0x008007dd                ang_des
 .bss.dur_des   0x00800801       0x24 mov_bajo_nivel.o
                0x00800801                dur_des
 .bss.pos_des   0x00800825       0x48 mov_bajo_nivel.o
                0x00800825                pos_des
 .bss.load      0x0080086d       0x12 mov_bajo_nivel.o
                0x0080086d                load
 .bss.sns_fuerza
                0x0080087f        0x2 mov_bajo_nivel.o
                0x0080087f                sns_fuerza
 .bss.sns_angulo
                0x00800881        0x2 mov_bajo_nivel.o
                0x00800881                sns_angulo
 .bss.idle      0x00800883        0x2 mov_bajo_nivel.o
                0x00800883                idle
 .bss.cuerdita  0x00800885        0x1 mov_bajo_nivel.o
                0x00800885                cuerdita
 .bss._ZZ18poll_analog_sensormE5index
                0x00800886        0x1 mov_bajo_nivel.o
 .bss._ZZ9poll_loadvE11motor_index
                0x00800887        0x1 mov_bajo_nivel.o
 .bss._ZZ12motor_updatevE7ang_act
                0x00800888       0x24 mov_bajo_nivel.o
 .bss._ZZN10Movimiento6updateEmE5timer
                0x008008ac        0x4 movimiento2.o
 .bss._ZN4AX1212ax_rx_bufferE
                0x008008b0       0x20 ax12.o
                0x008008b0                AX12::ax_rx_buffer
 .bss._ZN4AX1213ax_rx_PointerE
                0x008008d0        0x1 ax12.o
                0x008008d0                AX12::ax_rx_Pointer
 .bss.timer0_overflow_count
                0x008008d1        0x4 hardware.o
                0x008008d1                timer0_overflow_count
 .bss.timer0_millis
                0x008008d5        0x4 hardware.o
                0x008008d5                timer0_millis
 .bss._ZL12timer0_fract
                0x008008d9        0x1 hardware.o
 .bss._ZZ14all_timers_offbE6timsk2
                0x008008da        0x1 hardware.o
 .bss._ZZ14all_timers_offbE6timsk0
                0x008008db        0x1 hardware.o
 .bss.buffer    0x008008dc       0x5a dsp.o
                0x008008dc                buffer
 .bss.filtro    0x00800936       0x48 dsp.o
                0x00800936                filtro
 .bss.pantalla  0x0080097e        0xb display.o
                0x0080097e                pantalla
 .bss._ZZN7Display6updateEmE5timer
                0x00800989        0x4 display.o
 .bss._ZZN7Display6updateEmE2sc
                0x0080098d        0x1 display.o
 .bss.rc        0x0080098e       0x43 remote_control.o
                0x0080098e                rc
 .bss._ZZN13RemoteControl11osciladoresEhE9parametro
                0x008009d1        0x1 remote_control.o
 .bss._ZZN13RemoteControl10editar_posEhE13edit_pos_modo
                0x008009d2        0x1 remote_control.o
 .bss._ZZN13RemoteControl9caminatasEhE8anguloso
                0x008009d3        0x4 remote_control.o
 .bss.eventos   0x008009d7        0x9 events.o
                0x008009d7                eventos
 .bss.rx_buffer
                0x008009e0       0x84 HardwareSerial.o
                0x008009e0                rx_buffer
 .bss.rx_buffer2
                0x00800a64       0x84 HardwareSerial.o
                0x00800a64                rx_buffer2
 .bss.rx_buffer3
                0x00800ae8       0x84 HardwareSerial.o
                0x00800ae8                rx_buffer3
 .bss.Serial    0x00800b6c       0x13 HardwareSerial.o
                0x00800b6c                Serial
 .bss.Serial2   0x00800b7f       0x13 HardwareSerial.o
                0x00800b7f                Serial2
 .bss.Serial3   0x00800b92       0x13 HardwareSerial.o
                0x00800b92                Serial3
 .bss.intFunc   0x00800ba5       0x10 WInterrupts.o
 .bss._ZN8Conducta6estadoE
                0x00800bb5        0x3 conducta.o
                0x00800bb5                Conducta::estado
 .bss.empujones
                0x00800bb8        0x8 conducta.o
                0x00800bb8                empujones
 .bss.reactLoad
                0x00800bc0        0x6 conducta.o
                0x00800bc0                reactLoad
 .bss.conducta  0x00800bc6        0x4 conducta.o
                0x00800bc6                conducta
 .bss._ZZN9Empujones7evaluarEvE5DCB_z
                0x00800bca        0x4 conducta.o
 .bss._ZZN9Empujones7evaluarEvE5DCB_x
                0x00800bce        0x4 conducta.o
 .bss._ZZN9Empujones7evaluarEvE6last_z
                0x00800bd2        0x4 conducta.o
 .bss._ZZN9Empujones7evaluarEvE6last_x
                0x00800bd6        0x4 conducta.o
 .bss._ZZN8Conducta8ejecutarE6ACTIONE7counter
                0x00800bda        0x2 conducta.o
 .bss._ZZN8Conducta8ejecutarE6ACTIONE9last_type
                0x00800bdc        0x1 conducta.o
 *(COMMON)
 COMMON         0x00800bdd        0x4 c:/archivos de programa/winavr/bin/../lib/gcc/avr/4.3.3/../../../../avr/lib/avr51\libc.a(malloc.o)
                0x00800bdd                __brkval
                0x00800bdf                __flp
                0x00800be1                PROVIDE (__bss_end, .)
                0x00010226                __data_load_start = LOADADDR (.data)
                0x000105da                __data_load_end = (__data_load_start + SIZEOF (.data))

.noinit         0x00800be1        0x0
                0x00800be1                PROVIDE (__noinit_start, .)
 *(.noinit*)
                0x00800be1                PROVIDE (__noinit_end, .)
                0x00800be1                _end = .
                0x00800be1                PROVIDE (__heap_start, .)

.eeprom         0x00810000        0x0
 *(.eeprom*)
                0x00810000                __eeprom_end = .

.fuse
 *(.fuse)
 *(.lfuse)
 *(.hfuse)
 *(.efuse)

.lock
 *(.lock*)

.signature
 *(.signature*)

.stab
 *(.stab)

.stabstr
 *(.stabstr)

.stab.excl
 *(.stab.excl)

.stab.exclstr
 *(.stab.exclstr)

.stab.index
 *(.stab.index)

.stab.indexstr
 *(.stab.indexstr)

.comment
 *(.comment)

.debug
 *(.debug)

.line
 *(.line)

.debug_srcinfo
 *(.debug_srcinfo)

.debug_sfnames
 *(.debug_sfnames)

.debug_aranges  0x00000000      0xe08
 *(.debug_aranges)
 .debug_aranges
                0x00000000       0x60 serialcomm.o
 .debug_aranges
                0x00000060       0x38 wiring_digital.o
 .debug_aranges
                0x00000098       0xb8 movimiento.o
 .debug_aranges
                0x00000150       0x78 cabeza.o
 .debug_aranges
                0x000001c8       0x68 util.o
 .debug_aranges
                0x00000230       0xd0 Print.o
 .debug_aranges
                0x00000300       0x58 bluetooth.o
 .debug_aranges
                0x00000358       0x88 mov_bajo_nivel.o
 .debug_aranges
                0x000003e0       0x98 movimiento2.o
 .debug_aranges
                0x00000478       0x20 wiring_analog.o
 .debug_aranges
                0x00000498      0x168 ax12.o
 .debug_aranges
                0x00000600       0x80 hardware.o
 .debug_aranges
                0x00000680       0x68 dsp.o
 .debug_aranges
                0x000006e8      0x1e0 WString.o
 .debug_aranges
                0x000008c8      0x140 display.o
 .debug_aranges
                0x00000a08       0x88 remote_control.o
 .debug_aranges
                0x00000a90       0x70 events.o
 .debug_aranges
                0x00000b00      0x120 vectores.o
 .debug_aranges
                0x00000c20       0x80 HardwareSerial.o
 .debug_aranges
                0x00000ca0       0x20 main.o
 .debug_aranges
                0x00000cc0       0x68 WInterrupts.o
 .debug_aranges
                0x00000d28       0x78 conducta.o
 .debug_aranges
                0x00000da0       0x68 ann.o

.debug_pubnames
                0x00000000     0x21ab
 *(.debug_pubnames)
 .debug_pubnames
                0x00000000      0x108 serialcomm.o
 .debug_pubnames
                0x00000108       0x3f wiring_digital.o
 .debug_pubnames
                0x00000147      0x218 movimiento.o
 .debug_pubnames
                0x0000035f      0x19b cabeza.o
 .debug_pubnames
                0x000004fa       0x94 util.o
 .debug_pubnames
                0x0000058e      0x1b8 Print.o
 .debug_pubnames
                0x00000746       0xca bluetooth.o
 .debug_pubnames
                0x00000810      0x159 mov_bajo_nivel.o
 .debug_pubnames
                0x00000969       0xad pins_arduino.o
 .debug_pubnames
                0x00000a16      0x197 movimiento2.o
 .debug_pubnames
                0x00000bad       0x22 wiring_analog.o
 .debug_pubnames
                0x00000bcf      0x32a ax12.o
 .debug_pubnames
                0x00000ef9      0x115 hardware.o
 .debug_pubnames
                0x0000100e       0xfd dsp.o
 .debug_pubnames
                0x0000110b      0x4c4 WString.o
 .debug_pubnames
                0x000015cf      0x332 display.o
 .debug_pubnames
                0x00001901      0x165 remote_control.o
 .debug_pubnames
                0x00001a66       0xe5 events.o
 .debug_pubnames
                0x00001b4b      0x1d8 vectores.o
 .debug_pubnames
                0x00001d23      0x19c HardwareSerial.o
 .debug_pubnames
                0x00001ebf       0x1b main.o
 .debug_pubnames
                0x00001eda       0xb2 WInterrupts.o
 .debug_pubnames
                0x00001f8c      0x143 conducta.o
 .debug_pubnames
                0x000020cf       0xdc ann.o

.debug_info     0x00000000    0x14503
 *(.debug_info)
 .debug_info    0x00000000      0x4f5 serialcomm.o
 .debug_info    0x000004f5      0x49d wiring_digital.o
 .debug_info    0x00000992     0x1296 movimiento.o
 .debug_info    0x00001c28     0x117c cabeza.o
 .debug_info    0x00002da4      0xa42 util.o
 .debug_info    0x000037e6     0x1297 Print.o
 .debug_info    0x00004a7d      0xddf bluetooth.o
 .debug_info    0x0000585c     0x1b16 mov_bajo_nivel.o
 .debug_info    0x00007372      0x158 pins_arduino.o
 .debug_info    0x000074ca     0x1250 movimiento2.o
 .debug_info    0x0000871a      0x126 wiring_analog.o
 .debug_info    0x00008840     0x1354 ax12.o
 .debug_info    0x00009b94     0x17fa hardware.o
 .debug_info    0x0000b38e      0x3a4 dsp.o
 .debug_info    0x0000b732     0x16fe WString.o
 .debug_info    0x0000ce30      0xfbf display.o
 .debug_info    0x0000ddef     0x1b82 remote_control.o
 .debug_info    0x0000f971      0x70b events.o
 .debug_info    0x0001007c      0xd8b vectores.o
 .debug_info    0x00010e07      0x9d9 HardwareSerial.o
 .debug_info    0x000117e0     0x1398 main.o
 .debug_info    0x00012b78      0x1c1 WInterrupts.o
 .debug_info    0x00012d39     0x122a conducta.o
 .debug_info    0x00013f63      0x5a0 ann.o
 *(.gnu.linkonce.wi.*)

.debug_abbrev   0x00000000     0x3ae2
 *(.debug_abbrev)
 .debug_abbrev  0x00000000      0x178 serialcomm.o
 .debug_abbrev  0x00000178      0x152 wiring_digital.o
 .debug_abbrev  0x000002ca      0x2f8 movimiento.o
 .debug_abbrev  0x000005c2      0x2c1 cabeza.o
 .debug_abbrev  0x00000883      0x19a util.o
 .debug_abbrev  0x00000a1d      0x269 Print.o
 .debug_abbrev  0x00000c86      0x2c4 bluetooth.o
 .debug_abbrev  0x00000f4a      0x45f mov_bajo_nivel.o
 .debug_abbrev  0x000013a9       0x97 pins_arduino.o
 .debug_abbrev  0x00001440      0x2d0 movimiento2.o
 .debug_abbrev  0x00001710       0xcf wiring_analog.o
 .debug_abbrev  0x000017df      0x39a ax12.o
 .debug_abbrev  0x00001b79      0x451 hardware.o
 .debug_abbrev  0x00001fca      0x1b9 dsp.o
 .debug_abbrev  0x00002183      0x28d WString.o
 .debug_abbrev  0x00002410      0x29c display.o
 .debug_abbrev  0x000026ac      0x340 remote_control.o
 .debug_abbrev  0x000029ec      0x2d3 events.o
 .debug_abbrev  0x00002cbf      0x1f8 vectores.o
 .debug_abbrev  0x00002eb7      0x319 HardwareSerial.o
 .debug_abbrev  0x000031d0      0x289 main.o
 .debug_abbrev  0x00003459       0xc2 WInterrupts.o
 .debug_abbrev  0x0000351b      0x3fb conducta.o
 .debug_abbrev  0x00003916      0x1cc ann.o

.debug_line     0x00000000     0x8041
 *(.debug_line)
 .debug_line    0x00000000      0x30b serialcomm.o
 .debug_line    0x0000030b      0x2bd wiring_digital.o
 .debug_line    0x000005c8      0x5b4 movimiento.o
 .debug_line    0x00000b7c      0x323 cabeza.o
 .debug_line    0x00000e9f      0x26c util.o
 .debug_line    0x0000110b      0x5b1 Print.o
 .debug_line    0x000016bc      0x3ed bluetooth.o
 .debug_line    0x00001aa9      0x6e7 mov_bajo_nivel.o
 .debug_line    0x00002190       0xdb pins_arduino.o
 .debug_line    0x0000226b      0x7fe movimiento2.o
 .debug_line    0x00002a69      0x21e wiring_analog.o
 .debug_line    0x00002c87      0xc0c ax12.o
 .debug_line    0x00003893      0x5c0 hardware.o
 .debug_line    0x00003e53      0x1ea dsp.o
 .debug_line    0x0000403d      0xc43 WString.o
 .debug_line    0x00004c80      0x733 display.o
 .debug_line    0x000053b3      0xdde remote_control.o
 .debug_line    0x00006191      0x43e events.o
 .debug_line    0x000065cf      0x7d0 vectores.o
 .debug_line    0x00006d9f      0x5af HardwareSerial.o
 .debug_line    0x0000734e      0x21f main.o
 .debug_line    0x0000756d      0x338 WInterrupts.o
 .debug_line    0x000078a5      0x4d3 conducta.o
 .debug_line    0x00007d78      0x2c9 ann.o

.debug_frame    0x00000000     0x1930
 *(.debug_frame)
 .debug_frame   0x00000000       0xa0 serialcomm.o
 .debug_frame   0x000000a0       0x50 wiring_digital.o
 .debug_frame   0x000000f0      0x150 movimiento.o
 .debug_frame   0x00000240       0xd0 cabeza.o
 .debug_frame   0x00000310       0xb0 util.o
 .debug_frame   0x000003c0      0x180 Print.o
 .debug_frame   0x00000540       0x90 bluetooth.o
 .debug_frame   0x000005d0       0xf0 mov_bajo_nivel.o
 .debug_frame   0x000006c0      0x110 movimiento2.o
 .debug_frame   0x000007d0       0x20 wiring_analog.o
 .debug_frame   0x000007f0      0x2b0 ax12.o
 .debug_frame   0x00000aa0       0xe0 hardware.o
 .debug_frame   0x00000b80       0xb0 dsp.o
 .debug_frame   0x00000c30      0x3a0 WString.o
 .debug_frame   0x00000fd0      0x260 display.o
 .debug_frame   0x00001230       0xf0 remote_control.o
 .debug_frame   0x00001320       0xc0 events.o
 .debug_frame   0x000013e0      0x220 vectores.o
 .debug_frame   0x00001600       0xe0 HardwareSerial.o
 .debug_frame   0x000016e0       0x20 main.o
 .debug_frame   0x00001700       0xb0 WInterrupts.o
 .debug_frame   0x000017b0       0xd0 conducta.o
 .debug_frame   0x00001880       0xb0 ann.o

.debug_str      0x00000000     0x38ba
 *(.debug_str)
 .debug_str     0x00000000      0x1fc serialcomm.o
                                0x257 (size before relaxing)
 .debug_str     0x000001fc      0x138 wiring_digital.o
                                0x1ac (size before relaxing)
 .debug_str     0x00000334      0x8b3 movimiento.o
                                0xa0f (size before relaxing)
 .debug_str     0x00000be7      0xa26 cabeza.o
                                0xcab (size before relaxing)
 .debug_str     0x0000160d      0x18e util.o
                                0x75c (size before relaxing)
 .debug_str     0x0000179b      0x2bd Print.o
                                0x853 (size before relaxing)
 .debug_str     0x00001a58       0xa1 bluetooth.o
                                0x916 (size before relaxing)
 .debug_str     0x00001af9      0xa8a mov_bajo_nivel.o
                               0x11be (size before relaxing)
 .debug_str     0x00002583       0x43 pins_arduino.o
                                0x154 (size before relaxing)
 .debug_str     0x000025c6       0x66 movimiento2.o
                                0x979 (size before relaxing)
 .debug_str     0x0000262c       0x50 wiring_analog.o
                                0x109 (size before relaxing)
 .debug_str     0x0000267c      0x18d ax12.o
                                0x655 (size before relaxing)
 .debug_str     0x00002809      0x1cc hardware.o
                               0x1253 (size before relaxing)
 .debug_str     0x000029d5       0xbe dsp.o
                                0x1d6 (size before relaxing)
 .debug_str     0x00002a93       0xe5 WString.o
                                0x672 (size before relaxing)
 .debug_str     0x00002b78      0x185 display.o
                                0x735 (size before relaxing)
 .debug_str     0x00002cfd      0x170 remote_control.o
                               0x14fb (size before relaxing)
 .debug_str     0x00002e6d       0x73 events.o
                                0x304 (size before relaxing)
 .debug_str     0x00002ee0      0x3bd vectores.o
                                0x53c (size before relaxing)
 .debug_str     0x0000329d      0x1f3 HardwareSerial.o
                                0x36f (size before relaxing)
 .debug_str     0x00003490       0x4c main.o
                               0x1076 (size before relaxing)
 .debug_str     0x000034dc       0xe4 WInterrupts.o
                                0x169 (size before relaxing)
 .debug_str     0x000035c0      0x270 conducta.o
                                0xaa6 (size before relaxing)
 .debug_str     0x00003830       0x8a ann.o
                                0x1ea (size before relaxing)

.debug_loc      0x00000000     0x80c5
 *(.debug_loc)
 .debug_loc     0x00000000      0x39d serialcomm.o
 .debug_loc     0x0000039d      0x214 wiring_digital.o
 .debug_loc     0x000005b1      0x78c movimiento.o
 .debug_loc     0x00000d3d      0x39b cabeza.o
 .debug_loc     0x000010d8      0x3c2 util.o
 .debug_loc     0x0000149a      0xb37 Print.o
 .debug_loc     0x00001fd1      0x27c bluetooth.o
 .debug_loc     0x0000224d      0x239 mov_bajo_nivel.o
 .debug_loc     0x00002486      0xac5 movimiento2.o
 .debug_loc     0x00002f4b      0x139 wiring_analog.o
 .debug_loc     0x00003084      0xe97 ax12.o
 .debug_loc     0x00003f1b      0x182 hardware.o
 .debug_loc     0x0000409d      0x12a dsp.o
 .debug_loc     0x000041c7     0x1537 WString.o
 .debug_loc     0x000056fe      0xa50 display.o
 .debug_loc     0x0000614e      0x759 remote_control.o
 .debug_loc     0x000068a7      0x478 events.o
 .debug_loc     0x00006d1f      0x7cf vectores.o
 .debug_loc     0x000074ee      0x3d2 HardwareSerial.o
 .debug_loc     0x000078c0       0x13 main.o
 .debug_loc     0x000078d3       0x93 WInterrupts.o
 .debug_loc     0x00007966      0x2d1 conducta.o
 .debug_loc     0x00007c37      0x48e ann.o

.debug_macinfo
 *(.debug_macinfo)
OUTPUT(v8.2.elf elf32-avr)
LOAD linker stubs

.debug_ranges   0x00000000      0xe58
 .debug_ranges  0x00000000       0x58 serialcomm.o
 .debug_ranges  0x00000058       0x30 wiring_digital.o
 .debug_ranges  0x00000088       0xb0 movimiento.o
 .debug_ranges  0x00000138       0x70 cabeza.o
 .debug_ranges  0x000001a8       0x60 util.o
 .debug_ranges  0x00000208       0xc8 Print.o
 .debug_ranges  0x000002d0       0x80 bluetooth.o
 .debug_ranges  0x00000350       0xb0 mov_bajo_nivel.o
 .debug_ranges  0x00000400       0xf0 movimiento2.o
 .debug_ranges  0x000004f0       0x18 wiring_analog.o
 .debug_ranges  0x00000508      0x178 ax12.o
 .debug_ranges  0x00000680       0x78 hardware.o
 .debug_ranges  0x000006f8       0x60 dsp.o
 .debug_ranges  0x00000758      0x1d8 WString.o
 .debug_ranges  0x00000930      0x138 display.o
 .debug_ranges  0x00000a68       0x80 remote_control.o
 .debug_ranges  0x00000ae8       0x80 events.o
 .debug_ranges  0x00000b68      0x130 vectores.o
 .debug_ranges  0x00000c98       0x78 HardwareSerial.o
 .debug_ranges  0x00000d10       0x18 main.o
 .debug_ranges  0x00000d28       0x60 WInterrupts.o
 .debug_ranges  0x00000d88       0x70 conducta.o
 .debug_ranges  0x00000df8       0x60 ann.o
